Archive member included to satisfy reference by file (symbol)

/usr/lib/gcc/arm-none-eabi/4.9.3/../../../arm-none-eabi/lib/armv7e-m/fpu/libm.a(lib_a-sf_fpclassify.o)
                              build/obj/attitude.o (symbol from plugin) (__fpclassifyf)
/usr/lib/gcc/arm-none-eabi/4.9.3/../../../arm-none-eabi/lib/armv7e-m/fpu/libm.a(lib_a-sf_cos.o)
                              /tmp/cc5Oa950.ltrans11.ltrans.o (cosf)
/usr/lib/gcc/arm-none-eabi/4.9.3/../../../arm-none-eabi/lib/armv7e-m/fpu/libm.a(lib_a-sf_sin.o)
                              /tmp/cc5Oa950.ltrans11.ltrans.o (sinf)
/usr/lib/gcc/arm-none-eabi/4.9.3/../../../arm-none-eabi/lib/armv7e-m/fpu/libm.a(lib_a-sf_tan.o)
                              /tmp/cc5Oa950.ltrans8.ltrans.o (tanf)
/usr/lib/gcc/arm-none-eabi/4.9.3/../../../arm-none-eabi/lib/armv7e-m/fpu/libm.a(lib_a-wf_asin.o)
                              /tmp/cc5Oa950.ltrans11.ltrans.o (asinf)
/usr/lib/gcc/arm-none-eabi/4.9.3/../../../arm-none-eabi/lib/armv7e-m/fpu/libm.a(lib_a-wf_atan2.o)
                              /tmp/cc5Oa950.ltrans11.ltrans.o (atan2f)
/usr/lib/gcc/arm-none-eabi/4.9.3/../../../arm-none-eabi/lib/armv7e-m/fpu/libm.a(lib_a-wf_sqrt.o)
                              /tmp/cc5Oa950.ltrans11.ltrans.o (sqrtf)
/usr/lib/gcc/arm-none-eabi/4.9.3/../../../arm-none-eabi/lib/armv7e-m/fpu/libm.a(lib_a-ef_asin.o)
                              /usr/lib/gcc/arm-none-eabi/4.9.3/../../../arm-none-eabi/lib/armv7e-m/fpu/libm.a(lib_a-wf_asin.o) (__ieee754_asinf)
/usr/lib/gcc/arm-none-eabi/4.9.3/../../../arm-none-eabi/lib/armv7e-m/fpu/libm.a(lib_a-ef_atan2.o)
                              /usr/lib/gcc/arm-none-eabi/4.9.3/../../../arm-none-eabi/lib/armv7e-m/fpu/libm.a(lib_a-wf_atan2.o) (__ieee754_atan2f)
/usr/lib/gcc/arm-none-eabi/4.9.3/../../../arm-none-eabi/lib/armv7e-m/fpu/libm.a(lib_a-ef_rem_pio2.o)
                              /usr/lib/gcc/arm-none-eabi/4.9.3/../../../arm-none-eabi/lib/armv7e-m/fpu/libm.a(lib_a-sf_cos.o) (__ieee754_rem_pio2f)
/usr/lib/gcc/arm-none-eabi/4.9.3/../../../arm-none-eabi/lib/armv7e-m/fpu/libm.a(lib_a-ef_sqrt.o)
                              /usr/lib/gcc/arm-none-eabi/4.9.3/../../../arm-none-eabi/lib/armv7e-m/fpu/libm.a(lib_a-wf_sqrt.o) (__ieee754_sqrtf)
/usr/lib/gcc/arm-none-eabi/4.9.3/../../../arm-none-eabi/lib/armv7e-m/fpu/libm.a(lib_a-kf_cos.o)
                              /usr/lib/gcc/arm-none-eabi/4.9.3/../../../arm-none-eabi/lib/armv7e-m/fpu/libm.a(lib_a-sf_cos.o) (__kernel_cosf)
/usr/lib/gcc/arm-none-eabi/4.9.3/../../../arm-none-eabi/lib/armv7e-m/fpu/libm.a(lib_a-kf_rem_pio2.o)
                              /usr/lib/gcc/arm-none-eabi/4.9.3/../../../arm-none-eabi/lib/armv7e-m/fpu/libm.a(lib_a-ef_rem_pio2.o) (__kernel_rem_pio2f)
/usr/lib/gcc/arm-none-eabi/4.9.3/../../../arm-none-eabi/lib/armv7e-m/fpu/libm.a(lib_a-kf_sin.o)
                              /usr/lib/gcc/arm-none-eabi/4.9.3/../../../arm-none-eabi/lib/armv7e-m/fpu/libm.a(lib_a-sf_cos.o) (__kernel_sinf)
/usr/lib/gcc/arm-none-eabi/4.9.3/../../../arm-none-eabi/lib/armv7e-m/fpu/libm.a(lib_a-kf_tan.o)
                              /usr/lib/gcc/arm-none-eabi/4.9.3/../../../arm-none-eabi/lib/armv7e-m/fpu/libm.a(lib_a-sf_tan.o) (__kernel_tanf)
/usr/lib/gcc/arm-none-eabi/4.9.3/../../../arm-none-eabi/lib/armv7e-m/fpu/libm.a(lib_a-s_lib_ver.o)
                              /usr/lib/gcc/arm-none-eabi/4.9.3/../../../arm-none-eabi/lib/armv7e-m/fpu/libm.a(lib_a-wf_asin.o) (__fdlib_version)
/usr/lib/gcc/arm-none-eabi/4.9.3/../../../arm-none-eabi/lib/armv7e-m/fpu/libm.a(lib_a-s_matherr.o)
                              /usr/lib/gcc/arm-none-eabi/4.9.3/../../../arm-none-eabi/lib/armv7e-m/fpu/libm.a(lib_a-wf_asin.o) (matherr)
/usr/lib/gcc/arm-none-eabi/4.9.3/../../../arm-none-eabi/lib/armv7e-m/fpu/libm.a(lib_a-s_nan.o)
                              /usr/lib/gcc/arm-none-eabi/4.9.3/../../../arm-none-eabi/lib/armv7e-m/fpu/libm.a(lib_a-wf_asin.o) (nan)
/usr/lib/gcc/arm-none-eabi/4.9.3/../../../arm-none-eabi/lib/armv7e-m/fpu/libm.a(lib_a-sf_atan.o)
                              /usr/lib/gcc/arm-none-eabi/4.9.3/../../../arm-none-eabi/lib/armv7e-m/fpu/libm.a(lib_a-ef_atan2.o) (atanf)
/usr/lib/gcc/arm-none-eabi/4.9.3/../../../arm-none-eabi/lib/armv7e-m/fpu/libm.a(lib_a-sf_fabs.o)
                              /usr/lib/gcc/arm-none-eabi/4.9.3/../../../arm-none-eabi/lib/armv7e-m/fpu/libm.a(lib_a-wf_asin.o) (fabsf)
/usr/lib/gcc/arm-none-eabi/4.9.3/../../../arm-none-eabi/lib/armv7e-m/fpu/libm.a(lib_a-sf_floor.o)
                              /usr/lib/gcc/arm-none-eabi/4.9.3/../../../arm-none-eabi/lib/armv7e-m/fpu/libm.a(lib_a-kf_rem_pio2.o) (floorf)
/usr/lib/gcc/arm-none-eabi/4.9.3/../../../arm-none-eabi/lib/armv7e-m/fpu/libm.a(lib_a-sf_scalbn.o)
                              /usr/lib/gcc/arm-none-eabi/4.9.3/../../../arm-none-eabi/lib/armv7e-m/fpu/libm.a(lib_a-kf_rem_pio2.o) (scalbnf)
/usr/lib/gcc/arm-none-eabi/4.9.3/../../../arm-none-eabi/lib/armv7e-m/fpu/libm.a(lib_a-sf_copysign.o)
[...]
Memory Configuration

Name             Origin             Length             Attributes
flash            0x0000000008000000 0x0000000000200000
ram0             0x0000000020000000 0x0000000000030000
ram1             0x0000000020000000 0x000000000001c000
ram2             0x000000002001c000 0x0000000000004000
ram3             0x0000000020020000 0x0000000000010000
ram4             0x0000000010000000 0x0000000000010000
ram5             0x0000000040024000 0x0000000000001000
ram6             0x0000000000000000 0x0000000000000000
ram7             0x0000000000000000 0x0000000000000000
*default*        0x0000000000000000 0xffffffffffffffff

Linker script and memory map

LOAD build/obj/crt0_v7m.o
LOAD build/obj/chcoreasm_v7m.o
LOAD build/obj/crt1.o
LOAD /tmp/cc5Oa950.ltrans0.ltrans.o
LOAD /tmp/cc5Oa950.ltrans1.ltrans.o
LOAD /tmp/cc5Oa950.ltrans2.ltrans.o
LOAD /tmp/cc5Oa950.ltrans3.ltrans.o
LOAD /tmp/cc5Oa950.ltrans4.ltrans.o
LOAD /tmp/cc5Oa950.ltrans5.ltrans.o
LOAD /tmp/cc5Oa950.ltrans6.ltrans.o
LOAD /tmp/cc5Oa950.ltrans7.ltrans.o
LOAD /tmp/cc5Oa950.ltrans8.ltrans.o
LOAD /tmp/cc5Oa950.ltrans9.ltrans.o
LOAD /tmp/cc5Oa950.ltrans10.ltrans.o
LOAD /tmp/cc5Oa950.ltrans11.ltrans.o
LOAD /tmp/cc5Oa950.ltrans12.ltrans.o
LOAD /tmp/cc5Oa950.ltrans13.ltrans.o
LOAD /tmp/cc5Oa950.ltrans14.ltrans.o
LOAD /tmp/cc5Oa950.ltrans15.ltrans.o
LOAD /tmp/cc5Oa950.ltrans16.ltrans.o
LOAD build/obj/vectors.o
LOAD build/obj/chsys.o
LOAD build/obj/chdebug.o
LOAD build/obj/chvt.o
LOAD build/obj/chschd.o
LOAD build/obj/chthreads.o
LOAD build/obj/chtm.o
LOAD build/obj/chstats.o
LOAD build/obj/chdynamic.o
LOAD build/obj/chregistry.o
LOAD build/obj/chsem.o
LOAD build/obj/chmtx.o
LOAD build/obj/chcond.o
LOAD build/obj/chevents.o
LOAD build/obj/chmsg.o
LOAD build/obj/chmboxes.o
LOAD build/obj/chqueues.o
LOAD build/obj/chmemcore.o
LOAD build/obj/chheap.o
LOAD build/obj/chmempools.o
LOAD build/obj/chcore.o
LOAD build/obj/chcore_v7m.o
LOAD build/obj/osal.o
LOAD build/obj/hal.o
LOAD build/obj/st.o
LOAD build/obj/hal_buffers.o
LOAD build/obj/hal_queues.o
LOAD build/obj/hal_mmcsd.o
LOAD build/obj/can.o
LOAD build/obj/ext.o
LOAD build/obj/pal.o
LOAD build/obj/pwm.o
LOAD build/obj/sdc.o
LOAD build/obj/serial_usb.o
LOAD build/obj/spi.o
LOAD build/obj/uart.o
LOAD build/obj/usb.o
LOAD build/obj/nvic.o
LOAD build/obj/hal_lld.o
LOAD build/obj/stm32_dma.o
LOAD build/obj/st_lld.o
LOAD build/obj/can_lld.o
LOAD build/obj/ext_lld.o
LOAD build/obj/ext_lld_isr.o
LOAD build/obj/pal_lld.o
LOAD build/obj/usb_lld.o
LOAD build/obj/sdc_lld.o
LOAD build/obj/spi_lld.o
LOAD build/obj/pwm_lld.o
LOAD build/obj/uart_lld.o
LOAD build/obj/board.o
LOAD build/obj/arm_pid_init_f32.o
LOAD build/obj/fatfs_diskio.o
LOAD build/obj/fatfs_syscall.o
LOAD build/obj/ff.o
LOAD build/obj/unicode.o
LOAD build/obj/shell.o
LOAD build/obj/evtimer.o
LOAD build/obj/syscalls.o
LOAD build/obj/memstreams.o
LOAD build/obj/chprintf.o
LOAD build/obj/main.o
LOAD build/obj/shellcfg.o
LOAD build/obj/flash.o
LOAD build/obj/tft_display.o
LOAD build/obj/mpu6500.o
LOAD build/obj/attitude.o
LOAD build/obj/ist8310.o
LOAD build/obj/adis16265.o
LOAD build/obj/math_misc.o
LOAD build/obj/canBusProcess.o
LOAD build/obj/dbus.o
LOAD build/obj/gimbal.o
LOAD build/obj/params.o
LOAD build/obj/usbcfg.o
LOAD build/obj/calibrate_sensor.o
LOAD build/obj/gimbal_sys_iden.o
LOAD build/obj/shoot_pwm.o
LOAD build/obj/exti.o
LOAD build/obj/pwm_struct.o
LOAD build/obj/imu_temp.o
LOAD build/obj/sdlog.o
                0x0000000020000000                __ram0_start__ = ORIGIN (ram0)
                0x0000000000030000                __ram0_size__ = LENGTH (ram0)
                0x0000000020030000                __ram0_end__ = (__ram0_start__ + __ram0_size__)
                0x0000000020000000                __ram1_start__ = ORIGIN (ram1)
                0x000000000001c000                __ram1_size__ = LENGTH (ram1)
                0x000000002001c000                __ram1_end__ = (__ram1_start__ + __ram1_size__)
                0x000000002001c000                __ram2_start__ = ORIGIN (ram2)
                0x0000000000004000                __ram2_size__ = LENGTH (ram2)
                0x0000000020020000                __ram2_end__ = (__ram2_start__ + __ram2_size__)
                0x0000000020020000                __ram3_start__ = ORIGIN (ram3)
                0x0000000000010000                __ram3_size__ = LENGTH (ram3)
                0x0000000020030000                __ram3_end__ = (__ram3_start__ + __ram3_size__)
                0x0000000010000000                __ram4_start__ = ORIGIN (ram4)
                0x0000000000010000                __ram4_size__ = LENGTH (ram4)
                0x0000000010010000                __ram4_end__ = (__ram4_start__ + __ram4_size__)
                0x0000000040024000                __ram5_start__ = ORIGIN (ram5)
                0x0000000000001000                __ram5_size__ = LENGTH (ram5)
                0x0000000040025000                __ram5_end__ = (__ram5_start__ + __ram5_size__)
                0x0000000000000000                __ram6_start__ = ORIGIN (ram6)
                0x0000000000000000                __ram6_size__ = LENGTH (ram6)
                0x0000000000000000                __ram6_end__ = (__ram6_start__ + __ram6_size__)
                0x0000000000000000                __ram7_start__ = ORIGIN (ram7)
                0x0000000000000000                __ram7_size__ = LENGTH (ram7)
                0x0000000000000000                __ram7_end__ = (__ram7_start__ + __ram7_size__)
                0x0000000000000000                . = 0x0
                0x0000000000000000                _text = .

startup         0x0000000008000000      0x1c0
 *(.vectors)
 .vectors       0x0000000008000000      0x1c0 /tmp/cc5Oa950.ltrans3.ltrans.o
                0x0000000008000000                _vectors

constructors    0x00000000080001c0        0x0
                0x00000000080001c0                __init_array_start = .
 *(SORT(.init_array.*))
 *(.init_array)
                0x00000000080001c0                __init_array_end = .

destructors     0x00000000080001c0        0x0
                0x00000000080001c0                __fini_array_start = .
 *(.fini_array)
 *(SORT(.fini_array.*))
                0x00000000080001c0                __fini_array_end = .

.text           0x00000000080001c0    0x115a4
 *(.text)
 .text          0x00000000080001c0      0x108 build/obj/crt0_v7m.o
                0x00000000080001c0                Reset_Handler
 *fill*         0x00000000080002c8        0x8 
 .text          0x00000000080002d0       0x48 build/obj/chcoreasm_v7m.o
                0x00000000080002d0                _port_switch
                0x00000000080002e8                _port_thread_start
                0x0000000008000300                _port_switch_from_isr
                0x0000000008000314                _port_exit_from_isr
 *fill*         0x0000000008000318        0x8 
 .text          0x0000000008000320      0x370 /usr/lib/gcc/arm-none-eabi/4.9.3/armv7e-m/fpu/libgcc.a(_arm_addsubdf3.o)
                0x0000000008000320                __aeabi_drsub
                0x0000000008000328                __aeabi_dsub
                0x0000000008000328                __subdf3
                0x000000000800032c                __adddf3
                0x000000000800032c                __aeabi_dadd
                0x00000000080005a4                __aeabi_ui2d
                0x00000000080005a4                __floatunsidf
                0x00000000080005c4                __floatsidf
                0x00000000080005c4                __aeabi_i2d
                0x00000000080005e8                __extendsfdf2
                0x00000000080005e8                __aeabi_f2d
                0x0000000008000624                __aeabi_ul2d
                0x0000000008000624                __floatundidf
                0x0000000008000634                __floatdidf
                0x0000000008000634                __aeabi_l2d
 .text          0x0000000008000690      0x424 /usr/lib/gcc/arm-none-eabi/4.9.3/armv7e-m/fpu/libgcc.a(_arm_muldivdf3.o)
                0x0000000008000690                __aeabi_dmul
                0x0000000008000690                __muldf3
                0x00000000080008e4                __aeabi_ddiv
                0x00000000080008e4                __divdf3
 *fill*         0x0000000008000ab4        0xc 
 .text          0x0000000008000ac0       0x50 /usr/lib/gcc/arm-none-eabi/4.9.3/armv7e-m/fpu/libgcc.a(_arm_fixdfsi.o)
                0x0000000008000ac0                __fixdfsi
                0x0000000008000ac0                __aeabi_d2iz
 .text          0x0000000008000b10       0xa0 /usr/lib/gcc/arm-none-eabi/4.9.3/armv7e-m/fpu/libgcc.a(_arm_truncdfsf2.o)
                0x0000000008000b10                __aeabi_d2f
                0x0000000008000b10                __truncdfsf2
 .text          0x0000000008000bb0      0x134 /usr/lib/gcc/arm-none-eabi/4.9.3/../../../arm-none-eabi/lib/armv7e-m/fpu/libg.a(lib_a-memcpy.o)
                0x0000000008000bb0                memcpy
 *fill*         0x0000000008000ce4        0xc 
 .text          0x0000000008000cf0      0x2e0 /usr/lib/gcc/arm-none-eabi/4.9.3/../../../arm-none-eabi/lib/armv7e-m/fpu/libg.a(lib_a-strcmp.o)
                0x0000000008000cf8                strcmp
 *(.text.*)
 .text.startup.main
                0x0000000008000fd0     0x140c /tmp/cc5Oa950.ltrans0.ltrans.o
                0x0000000008000fd0                main
 *fill*         0x00000000080023dc        0x4 
 .text.SVC_Handler
                0x00000000080023e0       0x20 /tmp/cc5Oa950.ltrans1.ltrans.o
                0x00000000080023e0                SVC_Handler
 .text._idle_thread.lto_priv.163
                0x0000000008002400        0x4 /tmp/cc5Oa950.ltrans1.ltrans.o
                0x0000000008002400                _idle_thread.lto_priv.163
 *fill*         0x0000000008002404        0xc 
 .text.stSetAlarm
                0x0000000008002410       0x20 /tmp/cc5Oa950.ltrans1.ltrans.o
                0x0000000008002410                stSetAlarm
 .text._port_irq_epilogue
                0x0000000008002430       0x64 /tmp/cc5Oa950.ltrans1.ltrans.o
                0x0000000008002430                _port_irq_epilogue
 *fill*         0x0000000008002494        0xc 
 .text._stats_increase_irq
                0x00000000080024a0       0x20 /tmp/cc5Oa950.ltrans1.ltrans.o
                0x00000000080024a0                _stats_increase_irq
 .text.chTMChainMeasurementToX
                0x00000000080024c0       0x3c /tmp/cc5Oa950.ltrans1.ltrans.o
                0x00000000080024c0                chTMChainMeasurementToX
 *fill*         0x00000000080024fc        0x4 
 .text.chTMStopMeasurementX
                0x0000000008002500       0x48 /tmp/cc5Oa950.ltrans1.ltrans.o
                0x0000000008002500                chTMStopMeasurementX
 *fill*         0x0000000008002548        0x8 
 .text._stats_stop_measure_crit_isr
                0x0000000008002550        0xc /tmp/cc5Oa950.ltrans1.ltrans.o
                0x0000000008002550                _stats_stop_measure_crit_isr
 *fill*         0x000000000800255c        0x4 
 .text._stats_stop_measure_crit_thd
                0x0000000008002560        0xc /tmp/cc5Oa950.ltrans1.ltrans.o
                0x0000000008002560                _stats_stop_measure_crit_thd
 *fill*         0x000000000800256c        0x4 
 .text.chTMStartMeasurementX
                0x0000000008002570        0xc /tmp/cc5Oa950.ltrans1.ltrans.o
                0x0000000008002570                chTMStartMeasurementX
 *fill*         0x000000000800257c        0x4 
 .text._stats_start_measure_crit_isr
                0x0000000008002580        0xc /tmp/cc5Oa950.ltrans1.ltrans.o
                0x0000000008002580                _stats_start_measure_crit_isr
 *fill*         0x000000000800258c        0x4 
 .text._stats_start_measure_crit_thd
                0x0000000008002590        0xc /tmp/cc5Oa950.ltrans1.ltrans.o
                0x0000000008002590                _stats_start_measure_crit_thd
 *fill*         0x000000000800259c        0x4 
 .text._dbg_trace
                0x00000000080025a0       0x38 /tmp/cc5Oa950.ltrans1.ltrans.o
                0x00000000080025a0                _dbg_trace
 *fill*         0x00000000080025d8        0x8 
 .text.chSchDoRescheduleAhead
                0x00000000080025e0       0x78 /tmp/cc5Oa950.ltrans1.ltrans.o
 *fill*         0x0000000008002658        0x8 
 .text.chSchDoReschedule
                0x0000000008002660        0x4 /tmp/cc5Oa950.ltrans1.ltrans.o
                0x0000000008002660                chSchDoReschedule
 *fill*         0x0000000008002664        0xc 
 .text.chDbgCheckClassS
                0x0000000008002670       0x20 /tmp/cc5Oa950.ltrans1.ltrans.o
                0x0000000008002670                chDbgCheckClassS
 .text.ibqReleaseEmptyBufferS
                0x0000000008002690       0x48 /tmp/cc5Oa950.ltrans1.ltrans.o
 *fill*         0x00000000080026d8        0x8 
 .text.chSchGoSleepS
                0x00000000080026e0       0x64 /tmp/cc5Oa950.ltrans1.ltrans.o
                0x00000000080026e0                chSchGoSleepS
 *fill*         0x0000000008002744        0xc 
 .text.chThdSuspendS
                0x0000000008002750       0x2c /tmp/cc5Oa950.ltrans1.ltrans.o
                0x0000000008002750                chThdSuspendS
 *fill*         0x000000000800277c        0x4 
 .text.chDbgCheckClassI
                0x0000000008002780       0x20 /tmp/cc5Oa950.ltrans1.ltrans.o
                0x0000000008002780                chDbgCheckClassI
 .text.chThdCreateI
                0x00000000080027a0       0xb8 /tmp/cc5Oa950.ltrans1.ltrans.o
                0x00000000080027a0                chThdCreateI
 *fill*         0x0000000008002858        0x8 
 .text.chSchRescheduleS
                0x0000000008002860       0x28 /tmp/cc5Oa950.ltrans1.ltrans.o
                0x0000000008002860                chSchRescheduleS
 *fill*         0x0000000008002888        0x8 
 .text.chSchGoSleepTimeoutS
                0x0000000008002890      0x170 /tmp/cc5Oa950.ltrans1.ltrans.o
                0x0000000008002890                chSchGoSleepTimeoutS
 .text.chThdEnqueueTimeoutS
                0x0000000008002a00       0x28 /tmp/cc5Oa950.ltrans1.ltrans.o
                0x0000000008002a00                chThdEnqueueTimeoutS
 *fill*         0x0000000008002a28        0x8 
 .text.ibqGetFullBufferTimeoutS
                0x0000000008002a30       0x44 /tmp/cc5Oa950.ltrans1.ltrans.o
 *fill*         0x0000000008002a74        0xc 
 .text.chSchReadyI
                0x0000000008002a80       0x50 /tmp/cc5Oa950.ltrans1.ltrans.o
                0x0000000008002a80                chSchReadyI
 .text.chEvtBroadcastFlagsI
                0x0000000008002ad0       0x9c /tmp/cc5Oa950.ltrans1.ltrans.o
                0x0000000008002ad0                chEvtBroadcastFlagsI
 *fill*         0x0000000008002b6c        0x4 
 .text.chThdDequeueAllI
                0x0000000008002b70       0x3c /tmp/cc5Oa950.ltrans1.ltrans.o
                0x0000000008002b70                chThdDequeueAllI
 *fill*         0x0000000008002bac        0x4 
 .text.chThdResumeI
                0x0000000008002bb0       0x2c /tmp/cc5Oa950.ltrans1.ltrans.o
                0x0000000008002bb0                chThdResumeI
 *fill*         0x0000000008002bdc        0x4 
 .text.chThdExitS
                0x0000000008002be0       0x4c /tmp/cc5Oa950.ltrans1.ltrans.o
                0x0000000008002be0                chThdExitS
 *fill*         0x0000000008002c2c        0x4 
 .text._dbg_check_leave_isr
                0x0000000008002c30       0x2c /tmp/cc5Oa950.ltrans1.ltrans.o
                0x0000000008002c30                _dbg_check_leave_isr
 *fill*         0x0000000008002c5c        0x4 
 .text._dbg_check_enter_isr
                0x0000000008002c60       0x2c /tmp/cc5Oa950.ltrans1.ltrans.o
                0x0000000008002c60                _dbg_check_enter_isr
 *fill*         0x0000000008002c8c        0x4 
 .text._dbg_check_unlock_from_isr
                0x0000000008002c90       0x24 /tmp/cc5Oa950.ltrans1.ltrans.o
                0x0000000008002c90                _dbg_check_unlock_from_isr
 *fill*         0x0000000008002cb4        0xc 
 .text._dbg_check_lock_from_isr
                0x0000000008002cc0       0x24 /tmp/cc5Oa950.ltrans1.ltrans.o
                0x0000000008002cc0                _dbg_check_lock_from_isr
 *fill*         0x0000000008002ce4        0xc 
 .text.wakeup   0x0000000008002cf0       0x6c /tmp/cc5Oa950.ltrans1.ltrans.o
 *fill*         0x0000000008002d5c        0x4 
 .text._dbg_check_unlock
                0x0000000008002d60       0x20 /tmp/cc5Oa950.ltrans1.ltrans.o
                0x0000000008002d60                _dbg_check_unlock
 .text._dbg_check_lock
                0x0000000008002d80       0x20 /tmp/cc5Oa950.ltrans1.ltrans.o
                0x0000000008002d80                _dbg_check_lock
 .text.ibqReadTimeout
                0x0000000008002da0      0x168 /tmp/cc5Oa950.ltrans1.ltrans.o
                0x0000000008002da0                ibqReadTimeout
 *fill*         0x0000000008002f08        0x8 
 .text.ibqGetTimeout
                0x0000000008002f10       0x90 /tmp/cc5Oa950.ltrans1.ltrans.o
                0x0000000008002f10                ibqGetTimeout
 .text.chCoreAlloc
                0x0000000008002fa0       0x70 /tmp/cc5Oa950.ltrans1.ltrans.o
                0x0000000008002fa0                chCoreAlloc
 .text.chThdExit
                0x0000000008003010       0x18 /tmp/cc5Oa950.ltrans1.ltrans.o
                0x0000000008003010                chThdExit
 *fill*         0x0000000008003028        0x8 
 .text.chThdSleepUntil
                0x0000000008003030       0x54 /tmp/cc5Oa950.ltrans1.ltrans.o
                0x0000000008003030                chThdSleepUntil
 *fill*         0x0000000008003084        0xc 
 .text.chThdSleep
                0x0000000008003090       0x5c /tmp/cc5Oa950.ltrans1.ltrans.o
                0x0000000008003090                chThdSleep
 *fill*         0x00000000080030ec        0x4 
 .text.chThdCreateStatic
                0x00000000080030f0       0x90 /tmp/cc5Oa950.ltrans1.ltrans.o
                0x00000000080030f0                chThdCreateStatic
 .text.chSysPolledDelayX
                0x0000000008003180       0x14 /tmp/cc5Oa950.ltrans1.ltrans.o
                0x0000000008003180                chSysPolledDelayX
 *fill*         0x0000000008003194        0xc 
 .text._unhandled_exception
                0x00000000080031a0        0x4 /tmp/cc5Oa950.ltrans1.ltrans.o
                0x00000000080031a0                DebugMon_Handler
                0x00000000080031a0                Vector1A0
                0x00000000080031a0                Vector11C
                0x00000000080031a0                HardFault_Handler
                0x00000000080031a0                Vector1B8
                0x00000000080031a0                Vector19C
                0x00000000080031a0                SysTick_Handler
                0x00000000080031a0                PendSV_Handler
                0x00000000080031a0                Vector168
                0x00000000080031a0                NMI_Handler
                0x00000000080031a0                Vector110
                0x00000000080031a0                VectorC8
                0x00000000080031a0                VectorA8
                0x00000000080031a0                Vector160
                0x00000000080031a0                Vector1B0
                0x00000000080031a0                UsageFault_Handler
                0x00000000080031a0                Vector40
                0x00000000080031a0                Vector108
                0x00000000080031a0                VectorBC
                0x00000000080031a0                Vector190
                0x00000000080031a0                Vector188
                0x00000000080031a0                Vector198
                0x00000000080031a0                Vector118
                0x00000000080031a0                VectorCC
                0x00000000080031a0                Vector54
                0x00000000080031a0                VectorD8
                0x00000000080031a0                Vector24
                0x00000000080031a0                Vector1AC
                0x00000000080031a0                Vector178
                0x00000000080031a0                Vector1A4
                0x00000000080031a0                VectorD0
                0x00000000080031a0                Vector1B4
                0x00000000080031a0                VectorC0
                0x00000000080031a0                Vector134
                0x00000000080031a0                Vector100
                0x00000000080031a0                VectorF4
                0x00000000080031a0                MemManage_Handler
                0x00000000080031a0                VectorA0
                0x00000000080031a0                VectorC4
                0x00000000080031a0                Vector180
                0x00000000080031a0                Vector114
                0x00000000080031a0                Vector164
                0x00000000080031a0                Vector1C
                0x00000000080031a0                Vector1BC
                0x00000000080031a0                Vector17C
                0x00000000080031a0                Vector1A8
                0x00000000080031a0                Vector16C
                0x00000000080031a0                Vector15C
                0x00000000080031a0                Vector88
                0x00000000080031a0                Vector184
                0x00000000080031a0                Vector10C
                0x00000000080031a0                BusFault_Handler
                0x00000000080031a0                Vector50
                0x00000000080031a0                Vector194
                0x00000000080031a0                Vector28
                0x00000000080031a0                Vector34
                0x00000000080031a0                Vector20
                0x00000000080031a0                Vector18C
 *fill*         0x00000000080031a4        0xc 
 .text.__init_ram_areas
                0x00000000080031b0       0x4c /tmp/cc5Oa950.ltrans1.ltrans.o
                0x00000000080031b0                __init_ram_areas
 *fill*         0x00000000080031fc        0x4 
 .text.__default_exit
                0x0000000008003200        0x4 /tmp/cc5Oa950.ltrans1.ltrans.o
                0x0000000008003200                __default_exit
 *fill*         0x0000000008003204        0xc 
 .text.__late_init
                0x0000000008003210        0x4 /tmp/cc5Oa950.ltrans1.ltrans.o
                0x0000000008003210                __late_init
 *fill*         0x0000000008003214        0xc 
 .text.__core_init
                0x0000000008003220        0x4 /tmp/cc5Oa950.ltrans1.ltrans.o
                0x0000000008003220                __core_init
 *fill*         0x0000000008003224        0xc 
 .text.matlab_thread
                0x0000000008003230       0xb4 /tmp/cc5Oa950.ltrans2.ltrans.o
 *fill*         0x00000000080032e4        0xc 
 .text.imuGetDataRaw
                0x00000000080032f0      0x190 /tmp/cc5Oa950.ltrans2.ltrans.o
 .text.cmd_temp
                0x0000000008003480       0x2c /tmp/cc5Oa950.ltrans2.ltrans.o
                0x0000000008003480                cmd_temp
 *fill*         0x00000000080034ac        0x4 
 .text.cmd_test
                0x00000000080034b0       0x40 /tmp/cc5Oa950.ltrans2.ltrans.o
                0x00000000080034b0                cmd_test
 .text.cmd_calibrate
                0x00000000080034f0      0x968 /tmp/cc5Oa950.ltrans2.ltrans.o
                0x00000000080034f0                cmd_calibrate
 *fill*         0x0000000008003e58        0x8 
 .text.gyro_txrx_spi.lto_priv.179
                0x0000000008003e60       0x58 /tmp/cc5Oa950.ltrans2.ltrans.o
                0x0000000008003e60                gyro_txrx_spi.lto_priv.179
 *fill*         0x0000000008003eb8        0x8 
 .text.gyro_get_raw_vel
                0x0000000008003ec0       0x24 /tmp/cc5Oa950.ltrans2.ltrans.o
                0x0000000008003ec0                gyro_get_raw_vel
 *fill*         0x0000000008003ee4        0xc 
 .text.imuGetData
                0x0000000008003ef0      0x1c8 /tmp/cc5Oa950.ltrans2.ltrans.o
                0x0000000008003ef0                imuGetData
 *fill*         0x00000000080040b8        0x8 
 .text.flashWrite.part.5.lto_priv.105
                0x00000000080040c0       0xa8 /tmp/cc5Oa950.ltrans2.ltrans.o
                0x00000000080040c0                flashWrite.part.5.lto_priv.105
 *fill*         0x0000000008004168        0x8 
 .text.flashUnlock.part.1.lto_priv.106
                0x0000000008004170       0x20 /tmp/cc5Oa950.ltrans2.ltrans.o
                0x0000000008004170                flashUnlock.part.1.lto_priv.106
 .text.flashRead
                0x0000000008004190       0x58 /tmp/cc5Oa950.ltrans2.ltrans.o
                0x0000000008004190                flashRead
 *fill*         0x00000000080041e8        0x8 
 .text.gyro_thread.lto_priv.138
                0x00000000080041f0       0xc8 /tmp/cc5Oa950.ltrans2.ltrans.o
                0x00000000080041f0                gyro_thread.lto_priv.138
 *fill*         0x00000000080042b8        0x8 
 .text.cmd_data
                0x00000000080042c0       0xd8 /tmp/cc5Oa950.ltrans2.ltrans.o
                0x00000000080042c0                cmd_data
 *fill*         0x0000000008004398        0x8 
 .text.sdc_lld_is_write_protected
                0x00000000080043a0        0x4 /tmp/cc5Oa950.ltrans3.ltrans.o
                0x00000000080043a0                sdc_lld_is_write_protected
 *fill*         0x00000000080043a4        0xc 
 .text.sdc_lld_is_card_inserted
                0x00000000080043b0        0x4 /tmp/cc5Oa950.ltrans3.ltrans.o
                0x00000000080043b0                sdc_lld_is_card_inserted
 *fill*         0x00000000080043b4        0xc 
 .text.serve_usart_irq
                0x00000000080043c0       0xc4 /tmp/cc5Oa950.ltrans3.ltrans.o
 *fill*         0x0000000008004484        0xc 
 .text.VectorDC
                0x0000000008004490       0x20 /tmp/cc5Oa950.ltrans3.ltrans.o
 .text.VectorD4
                0x00000000080044b0       0x20 /tmp/cc5Oa950.ltrans3.ltrans.o
 .text.uart_lld_serve_tx_end_irq
                0x00000000080044d0       0x80 /tmp/cc5Oa950.ltrans3.ltrans.o
 .text.uart_lld_serve_rx_end_irq
                0x0000000008004550       0xbc /tmp/cc5Oa950.ltrans3.ltrans.o
 *fill*         0x000000000800460c        0x4 
 .text.get_ldnumber.lto_priv.178
                0x0000000008004610       0x7c /tmp/cc5Oa950.ltrans3.ltrans.o
                0x0000000008004610                get_ldnumber.lto_priv.178
 *fill*         0x000000000800468c        0x4 
 .text.dir_sdi.lto_priv.96
                0x0000000008004690       0xa0 /tmp/cc5Oa950.ltrans3.ltrans.o
                0x0000000008004690                dir_sdi.lto_priv.96
 .text.create_chain.lto_priv.101
                0x0000000008004730       0xc4 /tmp/cc5Oa950.ltrans3.ltrans.o
                0x0000000008004730                create_chain.lto_priv.101
 *fill*         0x00000000080047f4        0xc 
 .text.dir_next.lto_priv.98
                0x0000000008004800      0x138 /tmp/cc5Oa950.ltrans3.ltrans.o
                0x0000000008004800                dir_next.lto_priv.98
 *fill*         0x0000000008004938        0x8 
 .text.move_window.lto_priv.88
                0x0000000008004940       0x34 /tmp/cc5Oa950.ltrans3.ltrans.o
                0x0000000008004940                move_window.lto_priv.88
 *fill*         0x0000000008004974        0xc 
 .text.disk_write
                0x0000000008004980       0x2c /tmp/cc5Oa950.ltrans3.ltrans.o
                0x0000000008004980                disk_write
 *fill*         0x00000000080049ac        0x4 
 .text.disk_status
                0x00000000080049b0       0x18 /tmp/cc5Oa950.ltrans3.ltrans.o
                0x00000000080049b0                disk_status
 *fill*         0x00000000080049c8        0x8 
 .text.__early_init
                0x00000000080049d0       0xc8 /tmp/cc5Oa950.ltrans3.ltrans.o
                0x00000000080049d0                __early_init
 *fill*         0x0000000008004a98        0x8 
 .text.uart_lld_start_receive
                0x0000000008004aa0       0x38 /tmp/cc5Oa950.ltrans3.ltrans.o
                0x0000000008004aa0                uart_lld_start_receive
 *fill*         0x0000000008004ad8        0x8 
 .text.uart_lld_start
                0x0000000008004ae0      0x1f0 /tmp/cc5Oa950.ltrans3.ltrans.o
                0x0000000008004ae0                uart_lld_start
 .text.pwm_lld_serve_interrupt
                0x0000000008004cd0       0x5c /tmp/cc5Oa950.ltrans3.ltrans.o
                0x0000000008004cd0                pwm_lld_serve_interrupt
 *fill*         0x0000000008004d2c        0x4 
 .text.VectorEC
                0x0000000008004d30       0x20 /tmp/cc5Oa950.ltrans3.ltrans.o
 .text.pwm_lld_start
                0x0000000008004d50      0x21c /tmp/cc5Oa950.ltrans3.ltrans.o
                0x0000000008004d50                pwm_lld_start
 *fill*         0x0000000008004f6c        0x4 
 .text.sduInterruptTransmitted
                0x0000000008004f70        0x4 /tmp/cc5Oa950.ltrans4.ltrans.o
                0x0000000008004f70                sduInterruptTransmitted
 *fill*         0x0000000008004f74        0xc 
 .text.sduRequestsHook
                0x0000000008004f80       0x40 /tmp/cc5Oa950.ltrans4.ltrans.o
                0x0000000008004f80                sduRequestsHook
 .text.ibnotify.lto_priv.161
                0x0000000008004fc0        0x8 /tmp/cc5Oa950.ltrans4.ltrans.o
                0x0000000008004fc0                ibnotify.lto_priv.161
 *fill*         0x0000000008004fc8        0x8 
 .text.sduDataReceived
                0x0000000008004fd0       0xc8 /tmp/cc5Oa950.ltrans4.ltrans.o
                0x0000000008004fd0                sduDataReceived
 *fill*         0x0000000008005098        0x8 
 .text.usbStartTransmitI
                0x00000000080050a0       0x64 /tmp/cc5Oa950.ltrans4.ltrans.o
                0x00000000080050a0                usbStartTransmitI
 *fill*         0x0000000008005104        0xc 
 .text.sduDataTransmitted
                0x0000000008005110       0xf0 /tmp/cc5Oa950.ltrans4.ltrans.o
                0x0000000008005110                sduDataTransmitted
 .text.obnotify.lto_priv.162
                0x0000000008005200       0x48 /tmp/cc5Oa950.ltrans4.ltrans.o
                0x0000000008005200                obnotify.lto_priv.162
 *fill*         0x0000000008005248        0x8 
 .text.usbStartReceiveI
                0x0000000008005250       0x64 /tmp/cc5Oa950.ltrans4.ltrans.o
                0x0000000008005250                usbStartReceiveI
 *fill*         0x00000000080052b4        0xc 
 .text.usbInitEndpointI
                0x00000000080052c0      0x1c4 /tmp/cc5Oa950.ltrans4.ltrans.o
                0x00000000080052c0                usbInitEndpointI
 *fill*         0x0000000008005484        0xc 
 .text.spiReleaseBus
                0x0000000008005490       0xe4 /tmp/cc5Oa950.ltrans4.ltrans.o
                0x0000000008005490                spiReleaseBus
 *fill*         0x0000000008005574        0xc 
 .text.spiAcquireBus
                0x0000000008005580      0x144 /tmp/cc5Oa950.ltrans4.ltrans.o
                0x0000000008005580                spiAcquireBus
 *fill*         0x00000000080056c4        0xc 
 .text.spiStart
                0x00000000080056d0      0x160 /tmp/cc5Oa950.ltrans4.ltrans.o
                0x00000000080056d0                spiStart
 .text.spiReceive
                0x0000000008005830       0xc0 /tmp/cc5Oa950.ltrans4.ltrans.o
                0x0000000008005830                spiReceive
 .text.spiSend  0x00000000080058f0       0xc0 /tmp/cc5Oa950.ltrans4.ltrans.o
                0x00000000080058f0                spiSend
 .text.spiUnselect
                0x00000000080059b0       0x74 /tmp/cc5Oa950.ltrans4.ltrans.o
                0x00000000080059b0                spiUnselect
 *fill*         0x0000000008005a24        0xc 
 .text.spiSelect
                0x0000000008005a30       0x74 /tmp/cc5Oa950.ltrans4.ltrans.o
                0x0000000008005a30                spiSelect
 *fill*         0x0000000008005aa4        0xc 
 .text._mmcsd_get_slice
                0x0000000008005ab0       0x60 /tmp/cc5Oa950.ltrans5.ltrans.o
 .text.unlikely._mmcsd_get_capacity
                0x0000000008005b10       0x6c /tmp/cc5Oa950.ltrans5.ltrans.o
 *fill*         0x0000000008005b7c        0x4 
 .text.sdcConnect
                0x0000000008005b80      0x3f8 /tmp/cc5Oa950.ltrans5.ltrans.o
                0x0000000008005b80                sdcConnect
 *fill*         0x0000000008005f78        0x8 
 .text.obqPostFullBufferS
                0x0000000008005f80       0x60 /tmp/cc5Oa950.ltrans5.ltrans.o
 .text.obqGetEmptyBufferTimeoutS
                0x0000000008005fe0       0x44 /tmp/cc5Oa950.ltrans5.ltrans.o
 *fill*         0x0000000008006024        0xc 
 .text._sdc_wait_for_transfer_state
                0x0000000008006030       0x40 /tmp/cc5Oa950.ltrans5.ltrans.o
                0x0000000008006030                _sdc_wait_for_transfer_state
 .text.obqGetFullBufferI
                0x0000000008006070       0x28 /tmp/cc5Oa950.ltrans5.ltrans.o
                0x0000000008006070                obqGetFullBufferI
 *fill*         0x0000000008006098        0x8 
 .text.chSysUnlock.lto_priv.102
                0x00000000080060a0       0x34 /tmp/cc5Oa950.ltrans5.ltrans.o
                0x00000000080060a0                chSysUnlock.lto_priv.102
 *fill*         0x00000000080060d4        0xc 
 .text.pwmEnableChannel
                0x00000000080060e0       0x84 /tmp/cc5Oa950.ltrans5.ltrans.o
                0x00000000080060e0                pwmEnableChannel
 *fill*         0x0000000008006164        0xc 
 .text.chSysUnlock.lto_priv.131
                0x0000000008006170       0x34 /tmp/cc5Oa950.ltrans5.ltrans.o
                0x0000000008006170                chSysUnlock.lto_priv.131
 *fill*         0x00000000080061a4        0xc 
 .text.chSysUnlock.lto_priv.91
                0x00000000080061b0       0x34 /tmp/cc5Oa950.ltrans5.ltrans.o
                0x00000000080061b0                chSysUnlock.lto_priv.91
 *fill*         0x00000000080061e4        0xc 
 .text.obqWriteTimeout
                0x00000000080061f0      0x17c /tmp/cc5Oa950.ltrans5.ltrans.o
                0x00000000080061f0                obqWriteTimeout
 *fill*         0x000000000800636c        0x4 
 .text.obqPutTimeout
                0x0000000008006370       0xa0 /tmp/cc5Oa950.ltrans5.ltrans.o
                0x0000000008006370                obqPutTimeout
 .text.Vector158
                0x0000000008006410       0x38 /tmp/cc5Oa950.ltrans6.ltrans.o
                0x0000000008006410                Vector158
 *fill*         0x0000000008006448        0x8 
 .text.Vector154
                0x0000000008006450       0x38 /tmp/cc5Oa950.ltrans6.ltrans.o
                0x0000000008006450                Vector154
 *fill*         0x0000000008006488        0x8 
 .text.Vector150
                0x0000000008006490       0x38 /tmp/cc5Oa950.ltrans6.ltrans.o
                0x0000000008006490                Vector150
 *fill*         0x00000000080064c8        0x8 
 .text.Vector130
                0x00000000080064d0       0x34 /tmp/cc5Oa950.ltrans6.ltrans.o
                0x00000000080064d0                Vector130
 *fill*         0x0000000008006504        0xc 
 .text.Vector12C
                0x0000000008006510       0x38 /tmp/cc5Oa950.ltrans6.ltrans.o
                0x0000000008006510                Vector12C
 *fill*         0x0000000008006548        0x8 
 .text.Vector128
                0x0000000008006550       0x38 /tmp/cc5Oa950.ltrans6.ltrans.o
                0x0000000008006550                Vector128
 *fill*         0x0000000008006588        0x8 
 .text.Vector124
                0x0000000008006590       0x38 /tmp/cc5Oa950.ltrans6.ltrans.o
                0x0000000008006590                Vector124
 *fill*         0x00000000080065c8        0x8 
 .text.Vector120
                0x00000000080065d0       0x34 /tmp/cc5Oa950.ltrans6.ltrans.o
                0x00000000080065d0                Vector120
 *fill*         0x0000000008006604        0xc 
 .text.VectorFC
                0x0000000008006610       0x38 /tmp/cc5Oa950.ltrans6.ltrans.o
                0x0000000008006610                VectorFC
 *fill*         0x0000000008006648        0x8 
 .text.Vector84
                0x0000000008006650       0x38 /tmp/cc5Oa950.ltrans6.ltrans.o
                0x0000000008006650                Vector84
 *fill*         0x0000000008006688        0x8 
 .text.Vector80
                0x0000000008006690       0x38 /tmp/cc5Oa950.ltrans6.ltrans.o
                0x0000000008006690                Vector80
 *fill*         0x00000000080066c8        0x8 
 .text.Vector7C
                0x00000000080066d0       0x34 /tmp/cc5Oa950.ltrans6.ltrans.o
                0x00000000080066d0                Vector7C
 *fill*         0x0000000008006704        0xc 
 .text.Vector78
                0x0000000008006710       0x38 /tmp/cc5Oa950.ltrans6.ltrans.o
                0x0000000008006710                Vector78
 *fill*         0x0000000008006748        0x8 
 .text.Vector74
                0x0000000008006750       0x38 /tmp/cc5Oa950.ltrans6.ltrans.o
                0x0000000008006750                Vector74
 *fill*         0x0000000008006788        0x8 
 .text.Vector70
                0x0000000008006790       0x38 /tmp/cc5Oa950.ltrans6.ltrans.o
                0x0000000008006790                Vector70
 *fill*         0x00000000080067c8        0x8 
 .text.Vector6C
                0x00000000080067d0       0x34 /tmp/cc5Oa950.ltrans6.ltrans.o
                0x00000000080067d0                Vector6C
 *fill*         0x0000000008006804        0xc 
 .text.VectorB0
                0x0000000008006810       0xf4 /tmp/cc5Oa950.ltrans6.ltrans.o
                0x0000000008006810                VectorB0
 *fill*         0x0000000008006904        0xc 
 .text._usb_ep0out
                0x0000000008006910       0xa8 /tmp/cc5Oa950.ltrans6.ltrans.o
                0x0000000008006910                _usb_ep0out
 *fill*         0x00000000080069b8        0x8 
 .text._usb_ep0in
                0x00000000080069c0       0xf0 /tmp/cc5Oa950.ltrans6.ltrans.o
                0x00000000080069c0                _usb_ep0in
 .text._usb_ep0setup
                0x0000000008006ab0      0x434 /tmp/cc5Oa950.ltrans6.ltrans.o
                0x0000000008006ab0                _usb_ep0setup
 *fill*         0x0000000008006ee4        0xc 
 .text.can_lld_rx0_handler.lto_priv.190
                0x0000000008006ef0       0x78 /tmp/cc5Oa950.ltrans6.ltrans.o
                0x0000000008006ef0                can_lld_rx0_handler.lto_priv.190
 *fill*         0x0000000008006f68        0x8 
 .text.can_lld_tx_handler.lto_priv.191
                0x0000000008006f70       0x74 /tmp/cc5Oa950.ltrans6.ltrans.o
                0x0000000008006f70                can_lld_tx_handler.lto_priv.191
 *fill*         0x0000000008006fe4        0xc 
 .text.dmaStreamAllocate
                0x0000000008006ff0       0xd0 /tmp/cc5Oa950.ltrans6.ltrans.o
                0x0000000008006ff0                dmaStreamAllocate
 .text.otg_epout_handler
                0x00000000080070c0       0xac /tmp/cc5Oa950.ltrans7.ltrans.o
 *fill*         0x000000000800716c        0x4 
 .text.otg_epin_handler
                0x0000000008007170       0xd4 /tmp/cc5Oa950.ltrans7.ltrans.o
 *fill*         0x0000000008007244        0xc 
 .text.Vector4C
                0x0000000008007250       0x3c /tmp/cc5Oa950.ltrans7.ltrans.o
                0x0000000008007250                Vector4C
 *fill*         0x000000000800728c        0x4 
 .text.Vector48
                0x0000000008007290       0x3c /tmp/cc5Oa950.ltrans7.ltrans.o
                0x0000000008007290                Vector48
 *fill*         0x00000000080072cc        0x4 
 .text.Vector170
                0x00000000080072d0       0x3c /tmp/cc5Oa950.ltrans7.ltrans.o
                0x00000000080072d0                Vector170
 *fill*         0x000000000800730c        0x4 
 .text.Vector138
                0x0000000008007310       0x3c /tmp/cc5Oa950.ltrans7.ltrans.o
                0x0000000008007310                Vector138
 *fill*         0x000000000800734c        0x4 
 .text.VectorE8
                0x0000000008007350       0x3c /tmp/cc5Oa950.ltrans7.ltrans.o
                0x0000000008007350                VectorE8
 *fill*         0x000000000800738c        0x4 
 .text.VectorE4
                0x0000000008007390       0x3c /tmp/cc5Oa950.ltrans7.ltrans.o
                0x0000000008007390                VectorE4
 *fill*         0x00000000080073cc        0x4 
 .text.Vector44
                0x00000000080073d0       0x3c /tmp/cc5Oa950.ltrans7.ltrans.o
                0x00000000080073d0                Vector44
 *fill*         0x000000000800740c        0x4 
 .text.VectorE0
                0x0000000008007410       0x8c /tmp/cc5Oa950.ltrans7.ltrans.o
                0x0000000008007410                VectorE0
 *fill*         0x000000000800749c        0x4 
 .text.Vector9C
                0x00000000080074a0       0x7c /tmp/cc5Oa950.ltrans7.ltrans.o
                0x00000000080074a0                Vector9C
 *fill*         0x000000000800751c        0x4 
 .text.Vector68
                0x0000000008007520       0x38 /tmp/cc5Oa950.ltrans7.ltrans.o
                0x0000000008007520                Vector68
 *fill*         0x0000000008007558        0x8 
 .text.Vector64
                0x0000000008007560       0x38 /tmp/cc5Oa950.ltrans7.ltrans.o
                0x0000000008007560                Vector64
 *fill*         0x0000000008007598        0x8 
 .text.Vector60
                0x00000000080075a0       0x38 /tmp/cc5Oa950.ltrans7.ltrans.o
                0x00000000080075a0                Vector60
 *fill*         0x00000000080075d8        0x8 
 .text.Vector5C
                0x00000000080075e0       0x38 /tmp/cc5Oa950.ltrans7.ltrans.o
                0x00000000080075e0                Vector5C
 *fill*         0x0000000008007618        0x8 
 .text.Vector58
                0x0000000008007620       0x38 /tmp/cc5Oa950.ltrans7.ltrans.o
                0x0000000008007620                Vector58
 *fill*         0x0000000008007658        0x8 
 .text.Vector140
                0x0000000008007660       0x20 /tmp/cc5Oa950.ltrans7.ltrans.o
                0x0000000008007660                Vector140
 .text.Vector90
                0x0000000008007680       0x20 /tmp/cc5Oa950.ltrans7.ltrans.o
                0x0000000008007680                Vector90
 .text.Vector13C
                0x00000000080076a0       0x20 /tmp/cc5Oa950.ltrans7.ltrans.o
                0x00000000080076a0                Vector13C
 .text.Vector8C
                0x00000000080076c0       0x20 /tmp/cc5Oa950.ltrans7.ltrans.o
                0x00000000080076c0                Vector8C
 .text.can_lld_sce_handler
                0x00000000080076e0       0x74 /tmp/cc5Oa950.ltrans7.ltrans.o
 *fill*         0x0000000008007754        0xc 
 .text.Vector148
                0x0000000008007760       0x20 /tmp/cc5Oa950.ltrans7.ltrans.o
                0x0000000008007760                Vector148
 .text.Vector98
                0x0000000008007780       0x20 /tmp/cc5Oa950.ltrans7.ltrans.o
                0x0000000008007780                Vector98
 .text.can_lld_rx1_handler
                0x00000000080077a0       0x78 /tmp/cc5Oa950.ltrans7.ltrans.o
 *fill*         0x0000000008007818        0x8 
 .text.Vector144
                0x0000000008007820       0x20 /tmp/cc5Oa950.ltrans7.ltrans.o
                0x0000000008007820                Vector144
 .text.Vector94
                0x0000000008007840       0x20 /tmp/cc5Oa950.ltrans7.ltrans.o
                0x0000000008007840                Vector94
 .text.usb_lld_serve_interrupt.lto_priv.189
                0x0000000008007860      0x408 /tmp/cc5Oa950.ltrans7.ltrans.o
                0x0000000008007860                usb_lld_serve_interrupt.lto_priv.189
 *fill*         0x0000000008007c68        0x8 
 .text.can_lld_start
                0x0000000008007c70       0xf4 /tmp/cc5Oa950.ltrans7.ltrans.o
                0x0000000008007c70                can_lld_start
 *fill*         0x0000000008007d64        0xc 
 .text.rxend    0x0000000008007d70       0x3c /tmp/cc5Oa950.ltrans8.ltrans.o
 *fill*         0x0000000008007dac        0x4 
 .text.lpfilter_apply
                0x0000000008007db0       0x68 /tmp/cc5Oa950.ltrans8.ltrans.o
                0x0000000008007db0                lpfilter_apply
 *fill*         0x0000000008007e18        0x8 
 .text.gimbal_encoderUpdate.lto_priv.121
                0x0000000008007e20      0x17c /tmp/cc5Oa950.ltrans8.ltrans.o
                0x0000000008007e20                gimbal_encoderUpdate.lto_priv.121
 *fill*         0x0000000008007f9c        0x4 
 .text.lpfilter_init
                0x0000000008007fa0       0x74 /tmp/cc5Oa950.ltrans8.ltrans.o
                0x0000000008007fa0                lpfilter_init
 *fill*         0x0000000008008014        0xc 
 .text.uart_dbus_thread.lto_priv.156
                0x0000000008008020      0x398 /tmp/cc5Oa950.ltrans8.ltrans.o
                0x0000000008008020                uart_dbus_thread.lto_priv.156
 *fill*         0x00000000080083b8        0x8 
 .text.can_rx.lto_priv.158
                0x00000000080083c0      0x52c /tmp/cc5Oa950.ltrans8.ltrans.o
                0x00000000080083c0                can_rx.lto_priv.158
 *fill*         0x00000000080088ec        0x4 
 .text.f_open.constprop.21
                0x00000000080088f0      0x7b8 /tmp/cc5Oa950.ltrans9.ltrans.o
                0x00000000080088f0                f_open.constprop.21
 *fill*         0x00000000080090a8        0x8 
 .text.f_lseek.constprop.20
                0x00000000080090b0       0x18 /tmp/cc5Oa950.ltrans9.ltrans.o
                0x00000000080090b0                f_lseek.constprop.20
 *fill*         0x00000000080090c8        0x8 
 .text._strtok.constprop.19
                0x00000000080090d0       0x40 /tmp/cc5Oa950.ltrans9.ltrans.o
                0x00000000080090d0                _strtok.constprop.19
 .text.can_motorSetCurrent.constprop.2
                0x0000000008009110      0x170 /tmp/cc5Oa950.ltrans9.ltrans.o
                0x0000000008009110                can_motorSetCurrent.constprop.2
 .text.pwm3c1cb
                0x0000000008009280        0x4 /tmp/cc5Oa950.ltrans10.ltrans.o
 *fill*         0x0000000008009284        0xc 
 .text.pwm3pcb  0x0000000008009290        0x4 /tmp/cc5Oa950.ltrans10.ltrans.o
 *fill*         0x0000000008009294        0xc 
 .text.get_descriptor.lto_priv.168
                0x00000000080092a0       0x30 /tmp/cc5Oa950.ltrans10.ltrans.o
                0x00000000080092a0                get_descriptor.lto_priv.168
 .text.sdlog_thread.lto_priv.130
                0x00000000080092d0      0x38c /tmp/cc5Oa950.ltrans10.ltrans.o
                0x00000000080092d0                sdlog_thread.lto_priv.130
 *fill*         0x000000000800965c        0x4 
 .text.Temperature_thread.lto_priv.139
                0x0000000008009660      0x12c /tmp/cc5Oa950.ltrans10.ltrans.o
                0x0000000008009660                Temperature_thread.lto_priv.139
 *fill*         0x000000000800978c        0x4 
 .text.extcb10.lto_priv.165
                0x0000000008009790       0x38 /tmp/cc5Oa950.ltrans10.ltrans.o
                0x0000000008009790                extcb10.lto_priv.165
 *fill*         0x00000000080097c8        0x8 
 .text.pwm_thd  0x00000000080097d0       0x84 /tmp/cc5Oa950.ltrans10.ltrans.o
 *fill*         0x0000000008009854        0xc 
 .text.sof_handler.lto_priv.169
                0x0000000008009860       0xb8 /tmp/cc5Oa950.ltrans10.ltrans.o
                0x0000000008009860                sof_handler.lto_priv.169
 *fill*         0x0000000008009918        0x8 
 .text.usb_event.lto_priv.167
                0x0000000008009920       0xfc /tmp/cc5Oa950.ltrans10.ltrans.o
                0x0000000008009920                usb_event.lto_priv.167
 *fill*         0x0000000008009a1c        0x4 
 .text.calibrate_adi
                0x0000000008009a20      0x160 /tmp/cc5Oa950.ltrans10.ltrans.o
                0x0000000008009a20                calibrate_adi
 .text.params_set.part.0.lto_priv.180
                0x0000000008009b80      0x14c /tmp/cc5Oa950.ltrans10.ltrans.o
                0x0000000008009b80                params_set.part.0.lto_priv.180
 *fill*         0x0000000008009ccc        0x4 
 .text.param_save_flash
                0x0000000008009cd0      0x140 /tmp/cc5Oa950.ltrans10.ltrans.o
                0x0000000008009cd0                param_save_flash
 .text.pwm_shooter_init
                0x0000000008009e10      0x13c /tmp/cc5Oa950.ltrans10.ltrans.o
                0x0000000008009e10                pwm_shooter_init
 *fill*         0x0000000008009f4c        0x4 
 .text.pwm3init
                0x0000000008009f50       0x54 /tmp/cc5Oa950.ltrans10.ltrans.o
                0x0000000008009f50                pwm3init
 *fill*         0x0000000008009fa4        0xc 
 .text.MotorToggleThread.lto_priv.140
                0x0000000008009fb0      0x140 /tmp/cc5Oa950.ltrans10.ltrans.o
                0x0000000008009fb0                MotorToggleThread.lto_priv.140
 .text.chprintf
                0x000000000800a0f0      0x414 /tmp/cc5Oa950.ltrans11.ltrans.o
                0x000000000800a0f0                chprintf
 *fill*         0x000000000800a504        0xc 
 .text.Attitude_thread.lto_priv.129
                0x000000000800a510      0x940 /tmp/cc5Oa950.ltrans11.ltrans.o
                0x000000000800a510                Attitude_thread.lto_priv.129
 .text.cmd_info
                0x000000000800ae50       0xbc /tmp/cc5Oa950.ltrans12.ltrans.o
 *fill*         0x000000000800af0c        0x4 
 .text.check_fs
                0x000000000800af10       0x84 /tmp/cc5Oa950.ltrans12.ltrans.o
 *fill*         0x000000000800af94        0xc 
 .text.long_to_string_with_divisor.lto_priv.182
                0x000000000800afa0       0x48 /tmp/cc5Oa950.ltrans12.ltrans.o
                0x000000000800afa0                long_to_string_with_divisor.lto_priv.182
 *fill*         0x000000000800afe8        0x8 
 .text.dir_find.part.7.lto_priv.97
                0x000000000800aff0      0x190 /tmp/cc5Oa950.ltrans12.ltrans.o
                0x000000000800aff0                dir_find.part.7.lto_priv.97
 .text.put_fat.part.6.lto_priv.99
                0x000000000800b180      0x124 /tmp/cc5Oa950.ltrans12.ltrans.o
                0x000000000800b180                put_fat.part.6.lto_priv.99
 *fill*         0x000000000800b2a4        0xc 
 .text.get_fat.part.5.lto_priv.100
                0x000000000800b2b0       0xc4 /tmp/cc5Oa950.ltrans12.ltrans.o
                0x000000000800b2b0                get_fat.part.5.lto_priv.100
 *fill*         0x000000000800b374        0xc 
 .text.sync_window.part.1.lto_priv.89
                0x000000000800b380       0x58 /tmp/cc5Oa950.ltrans12.ltrans.o
                0x000000000800b380                sync_window.part.1.lto_priv.89
 *fill*         0x000000000800b3d8        0x8 
 .text.find_volume.lto_priv.95
                0x000000000800b3e0      0x354 /tmp/cc5Oa950.ltrans12.ltrans.o
                0x000000000800b3e0                find_volume.lto_priv.95
 *fill*         0x000000000800b734        0xc 
 .text.shell_thread.lto_priv.160
                0x000000000800b740      0x224 /tmp/cc5Oa950.ltrans12.ltrans.o
                0x000000000800b740                shell_thread.lto_priv.160
 *fill*         0x000000000800b964        0xc 
 .text.cmd_systime
                0x000000000800b970       0x70 /tmp/cc5Oa950.ltrans12.ltrans.o
 .text.rxend.lto_priv.166
                0x000000000800b9e0      0x138 /tmp/cc5Oa950.ltrans13.ltrans.o
                0x000000000800b9e0                rxend.lto_priv.166
 *fill*         0x000000000800bb18        0x8 
 .text.uart_sendLine
                0x000000000800bb20       0x50 /tmp/cc5Oa950.ltrans13.ltrans.o
 .text.params_rx.lto_priv.159
                0x000000000800bb70       0xe8 /tmp/cc5Oa950.ltrans13.ltrans.o
                0x000000000800bb70                params_rx.lto_priv.159
 *fill*         0x000000000800bc58        0x8 
 .text.gimbal_thread.lto_priv.153
                0x000000000800bc60      0x580 /tmp/cc5Oa950.ltrans13.ltrans.o
                0x000000000800bc60                gimbal_thread.lto_priv.153
 .text.params_tx
                0x000000000800c1e0      0x15c /tmp/cc5Oa950.ltrans13.ltrans.o
 *fill*         0x000000000800c33c        0x4 
 .text.gimbal_init_thread.lto_priv.152
                0x000000000800c340      0x624 /tmp/cc5Oa950.ltrans13.ltrans.o
                0x000000000800c340                gimbal_init_thread.lto_priv.152
 *fill*         0x000000000800c964        0xc 
 .text.spi_lld_serve_tx_interrupt.lto_priv.200
                0x000000000800c970       0x1c /tmp/cc5Oa950.ltrans14.ltrans.o
                0x000000000800c970                spi_lld_serve_tx_interrupt.lto_priv.200
 *fill*         0x000000000800c98c        0x4 
 .text.VectorF8
                0x000000000800c990       0x20 /tmp/cc5Oa950.ltrans14.ltrans.o
                0x000000000800c990                VectorF8
 .text.VectorF0
                0x000000000800c9b0       0x20 /tmp/cc5Oa950.ltrans14.ltrans.o
                0x000000000800c9b0                VectorF0
 .text.VectorB8
                0x000000000800c9d0       0x20 /tmp/cc5Oa950.ltrans14.ltrans.o
                0x000000000800c9d0                VectorB8
 .text.VectorB4
                0x000000000800c9f0       0x20 /tmp/cc5Oa950.ltrans14.ltrans.o
                0x000000000800c9f0                VectorB4
 .text.VectorAC
                0x000000000800ca10       0x20 /tmp/cc5Oa950.ltrans14.ltrans.o
                0x000000000800ca10                VectorAC
 .text.VectorA4
                0x000000000800ca30       0x20 /tmp/cc5Oa950.ltrans14.ltrans.o
                0x000000000800ca30                VectorA4
 .text.spi_lld_serve_rx_interrupt.lto_priv.199
                0x000000000800ca50       0x98 /tmp/cc5Oa950.ltrans14.ltrans.o
                0x000000000800ca50                spi_lld_serve_rx_interrupt.lto_priv.199
 *fill*         0x000000000800cae8        0x8 
 .text.Vector104
                0x000000000800caf0       0x48 /tmp/cc5Oa950.ltrans14.ltrans.o
                0x000000000800caf0                Vector104
 *fill*         0x000000000800cb38        0x8 
 .text.Vector174
                0x000000000800cb40       0x20 /tmp/cc5Oa950.ltrans14.ltrans.o
                0x000000000800cb40                Vector174
 .text.Vector14C
                0x000000000800cb60       0x20 /tmp/cc5Oa950.ltrans14.ltrans.o
                0x000000000800cb60                Vector14C
 .text.sdc_lld_collect_errors.isra.0.lto_priv.205
                0x000000000800cb80       0x3c /tmp/cc5Oa950.ltrans14.ltrans.o
                0x000000000800cb80                sdc_lld_collect_errors.isra.0.lto_priv.205
 *fill*         0x000000000800cbbc        0x4 
 .text.sdc_lld_send_cmd_long_crc
                0x000000000800cbc0       0x3c /tmp/cc5Oa950.ltrans14.ltrans.o
                0x000000000800cbc0                sdc_lld_send_cmd_long_crc
 *fill*         0x000000000800cbfc        0x4 
 .text.sdc_lld_send_cmd_short_crc
                0x000000000800cc00       0x30 /tmp/cc5Oa950.ltrans14.ltrans.o
                0x000000000800cc00                sdc_lld_send_cmd_short_crc
 .text.sdc_lld_error_cleanup
                0x000000000800cc30       0x6c /tmp/cc5Oa950.ltrans14.ltrans.o
 *fill*         0x000000000800cc9c        0x4 
 .text.usb_lld_start_in
                0x000000000800cca0       0xac /tmp/cc5Oa950.ltrans14.ltrans.o
                0x000000000800cca0                usb_lld_start_in
 *fill*         0x000000000800cd4c        0x4 
 .text.usb_lld_start_out
                0x000000000800cd50       0x84 /tmp/cc5Oa950.ltrans14.ltrans.o
                0x000000000800cd50                usb_lld_start_out
 *fill*         0x000000000800cdd4        0xc 
 .text.sdc_lld_wait_transaction_end
                0x000000000800cde0       0xcc /tmp/cc5Oa950.ltrans14.ltrans.o
 *fill*         0x000000000800ceac        0x4 
 .text.sdc_lld_write_aligned.part.5.lto_priv.201
                0x000000000800ceb0       0xa8 /tmp/cc5Oa950.ltrans14.ltrans.o
                0x000000000800ceb0                sdc_lld_write_aligned.part.5.lto_priv.201
 *fill*         0x000000000800cf58        0x8 
 .text.sdc_lld_read_aligned.part.4.lto_priv.202
                0x000000000800cf60       0xa4 /tmp/cc5Oa950.ltrans14.ltrans.o
                0x000000000800cf60                sdc_lld_read_aligned.part.4.lto_priv.202
 *fill*         0x000000000800d004        0xc 
 .text.sdc_lld_read_special
                0x000000000800d010       0xb4 /tmp/cc5Oa950.ltrans14.ltrans.o
                0x000000000800d010                sdc_lld_read_special
 *fill*         0x000000000800d0c4        0xc 
 .text.usb_lld_pump
                0x000000000800d0d0      0x298 /tmp/cc5Oa950.ltrans14.ltrans.o
                0x000000000800d0d0                usb_lld_pump
 *fill*         0x000000000800d368        0x8 
 .text.chSchWakeupS.constprop.83
                0x000000000800d370       0x90 /tmp/cc5Oa950.ltrans15.ltrans.o
                0x000000000800d370                chSchWakeupS.constprop.83
 .text.chThdResumeS.constprop.80
                0x000000000800d400       0x2c /tmp/cc5Oa950.ltrans15.ltrans.o
                0x000000000800d400                chThdResumeS.constprop.80
 *fill*         0x000000000800d42c        0x4 
 .text.can_lld_set_filters.constprop.73
                0x000000000800d430      0x114 /tmp/cc5Oa950.ltrans15.ltrans.o
                0x000000000800d430                can_lld_set_filters.constprop.73
 *fill*         0x000000000800d544        0xc 
 .text.ext_lld_channel_enable.constprop.56
                0x000000000800d550       0xa8 /tmp/cc5Oa950.ltrans15.ltrans.o
                0x000000000800d550                ext_lld_channel_enable.constprop.56
 *fill*         0x000000000800d5f8        0x8 
 .text.disk_read.constprop.32
                0x000000000800d600       0x24 /tmp/cc5Oa950.ltrans15.ltrans.o
                0x000000000800d600                disk_read.constprop.32
 *fill*         0x000000000800d624        0xc 
 .text.validate.constprop.29
                0x000000000800d630       0x30 /tmp/cc5Oa950.ltrans15.ltrans.o
                0x000000000800d630                validate.constprop.29
 .text.f_sync.constprop.24
                0x000000000800d660      0x16c /tmp/cc5Oa950.ltrans15.ltrans.o
                0x000000000800d660                f_sync.constprop.24
 *fill*         0x000000000800d7cc        0x4 
 .text.f_close.constprop.23
                0x000000000800d7d0       0x1c /tmp/cc5Oa950.ltrans15.ltrans.o
                0x000000000800d7d0                f_close.constprop.23
 *fill*         0x000000000800d7ec        0x4 
 .text.chThdResume.constprop.79
                0x000000000800d7f0       0x4c /tmp/cc5Oa950.ltrans15.ltrans.o
                0x000000000800d7f0                chThdResume.constprop.79
 *fill*         0x000000000800d83c        0x4 
 .text.uartStartSend.constprop.40
                0x000000000800d840       0xb0 /tmp/cc5Oa950.ltrans15.ltrans.o
                0x000000000800d840                uartStartSend.constprop.40
 .text.uartStopSend.constprop.38
                0x000000000800d8f0       0x8c /tmp/cc5Oa950.ltrans15.ltrans.o
                0x000000000800d8f0                uartStopSend.constprop.38
 *fill*         0x000000000800d97c        0x4 
 .text.sdcGetInfo
                0x000000000800d980       0x30 /tmp/cc5Oa950.ltrans16.ltrans.o
                0x000000000800d980                sdcGetInfo
 .text.sdcSync  0x000000000800d9b0       0x20 /tmp/cc5Oa950.ltrans16.ltrans.o
                0x000000000800d9b0                sdcSync
 .text.readt.lto_priv.177
                0x000000000800d9d0       0x20 /tmp/cc5Oa950.ltrans16.ltrans.o
                0x000000000800d9d0                readt.lto_priv.177
 .text.read.lto_priv.171
                0x000000000800d9f0       0x1c /tmp/cc5Oa950.ltrans16.ltrans.o
                0x000000000800d9f0                read.lto_priv.171
 *fill*         0x000000000800da0c        0x4 
 .text.writet.lto_priv.176
                0x000000000800da10       0x20 /tmp/cc5Oa950.ltrans16.ltrans.o
                0x000000000800da10                writet.lto_priv.176
 .text.write.lto_priv.170
                0x000000000800da30       0x1c /tmp/cc5Oa950.ltrans16.ltrans.o
                0x000000000800da30                write.lto_priv.170
 *fill*         0x000000000800da4c        0x4 
 .text.gett.lto_priv.175
                0x000000000800da50       0x18 /tmp/cc5Oa950.ltrans16.ltrans.o
                0x000000000800da50                gett.lto_priv.175
 *fill*         0x000000000800da68        0x8 
 .text.get.lto_priv.173
                0x000000000800da70       0x1c /tmp/cc5Oa950.ltrans16.ltrans.o
                0x000000000800da70                get.lto_priv.173
 *fill*         0x000000000800da8c        0x4 
 .text.putt.lto_priv.174
                0x000000000800da90       0x18 /tmp/cc5Oa950.ltrans16.ltrans.o
                0x000000000800da90                putt.lto_priv.174
 *fill*         0x000000000800daa8        0x8 
 .text.put.lto_priv.172
                0x000000000800dab0       0x1c /tmp/cc5Oa950.ltrans16.ltrans.o
                0x000000000800dab0                put.lto_priv.172
 *fill*         0x000000000800dacc        0x4 
 .text.sdcWrite
                0x000000000800dad0       0xd4 /tmp/cc5Oa950.ltrans16.ltrans.o
                0x000000000800dad0                sdcWrite
 *fill*         0x000000000800dba4        0xc 
 .text.sdcRead  0x000000000800dbb0       0xdc /tmp/cc5Oa950.ltrans16.ltrans.o
                0x000000000800dbb0                sdcRead
 *fill*         0x000000000800dc8c        0x4 
 .text.sdu_start_receive.lto_priv.104
                0x000000000800dc90       0x50 /tmp/cc5Oa950.ltrans16.ltrans.o
                0x000000000800dc90                sdu_start_receive.lto_priv.104
 .text.sdcDisconnect
                0x000000000800dce0       0xb4 /tmp/cc5Oa950.ltrans16.ltrans.o
                0x000000000800dce0                sdcDisconnect
 *fill*         0x000000000800dd94        0xc 
 .text.__fpclassifyf
                0x000000000800dda0       0x38 /usr/lib/gcc/arm-none-eabi/4.9.3/../../../arm-none-eabi/lib/armv7e-m/fpu/libm.a(lib_a-sf_fpclassify.o)
                0x000000000800dda0                __fpclassifyf
 *fill*         0x000000000800ddd8        0x8 
 .text.cosf     0x000000000800dde0       0x78 /usr/lib/gcc/arm-none-eabi/4.9.3/../../../arm-none-eabi/lib/armv7e-m/fpu/libm.a(lib_a-sf_cos.o)
                0x000000000800dde0                cosf
 *fill*         0x000000000800de58        0x8 
 .text.sinf     0x000000000800de60       0x7c /usr/lib/gcc/arm-none-eabi/4.9.3/../../../arm-none-eabi/lib/armv7e-m/fpu/libm.a(lib_a-sf_sin.o)
                0x000000000800de60                sinf
 *fill*         0x000000000800dedc        0x4 
 .text.tanf     0x000000000800dee0       0x5c /usr/lib/gcc/arm-none-eabi/4.9.3/../../../arm-none-eabi/lib/armv7e-m/fpu/libm.a(lib_a-sf_tan.o)
                0x000000000800dee0                tanf
 *fill*         0x000000000800df3c        0x4 
 .text.asinf    0x000000000800df40       0xbc /usr/lib/gcc/arm-none-eabi/4.9.3/../../../arm-none-eabi/lib/armv7e-m/fpu/libm.a(lib_a-wf_asin.o)
                0x000000000800df40                asinf
 *fill*         0x000000000800dffc        0x4 
 .text.atan2f   0x000000000800e000        0x4 /usr/lib/gcc/arm-none-eabi/4.9.3/../../../arm-none-eabi/lib/armv7e-m/fpu/libm.a(lib_a-wf_atan2.o)
                0x000000000800e000                atan2f
 *fill*         0x000000000800e004        0xc 
 .text.sqrtf    0x000000000800e010       0xb8 /usr/lib/gcc/arm-none-eabi/4.9.3/../../../arm-none-eabi/lib/armv7e-m/fpu/libm.a(lib_a-wf_sqrt.o)
                0x000000000800e010                sqrtf
 *fill*         0x000000000800e0c8        0x8 
 .text.__ieee754_asinf
                0x000000000800e0d0      0x1f8 /usr/lib/gcc/arm-none-eabi/4.9.3/../../../arm-none-eabi/lib/armv7e-m/fpu/libm.a(lib_a-ef_asin.o)
                0x000000000800e0d0                __ieee754_asinf
 *fill*         0x000000000800e2c8        0x8 
 .text.__ieee754_atan2f
                0x000000000800e2d0      0x16c /usr/lib/gcc/arm-none-eabi/4.9.3/../../../arm-none-eabi/lib/armv7e-m/fpu/libm.a(lib_a-ef_atan2.o)
                0x000000000800e2d0                __ieee754_atan2f
 *fill*         0x000000000800e43c        0x4 
 .text.__ieee754_rem_pio2f
                0x000000000800e440      0x290 /usr/lib/gcc/arm-none-eabi/4.9.3/../../../arm-none-eabi/lib/armv7e-m/fpu/libm.a(lib_a-ef_rem_pio2.o)
                0x000000000800e440                __ieee754_rem_pio2f
 .text.__ieee754_sqrtf
                0x000000000800e6d0       0xa4 /usr/lib/gcc/arm-none-eabi/4.9.3/../../../arm-none-eabi/lib/armv7e-m/fpu/libm.a(lib_a-ef_sqrt.o)
                0x000000000800e6d0                __ieee754_sqrtf
 *fill*         0x000000000800e774        0xc 
 .text.__kernel_cosf
                0x000000000800e780      0x104 /usr/lib/gcc/arm-none-eabi/4.9.3/../../../arm-none-eabi/lib/armv7e-m/fpu/libm.a(lib_a-kf_cos.o)
                0x000000000800e780                __kernel_cosf
 *fill*         0x000000000800e884        0xc 
 .text.__kernel_rem_pio2f
                0x000000000800e890      0x5e4 /usr/lib/gcc/arm-none-eabi/4.9.3/../../../arm-none-eabi/lib/armv7e-m/fpu/libm.a(lib_a-kf_rem_pio2.o)
                0x000000000800e890                __kernel_rem_pio2f
 *fill*         0x000000000800ee74        0xc 
 .text.__kernel_sinf
                0x000000000800ee80       0x90 /usr/lib/gcc/arm-none-eabi/4.9.3/../../../arm-none-eabi/lib/armv7e-m/fpu/libm.a(lib_a-kf_sin.o)
                0x000000000800ee80                __kernel_sinf
 .text.__kernel_tanf
                0x000000000800ef10      0x1d0 /usr/lib/gcc/arm-none-eabi/4.9.3/../../../arm-none-eabi/lib/armv7e-m/fpu/libm.a(lib_a-kf_tan.o)
                0x000000000800ef10                __kernel_tanf
 .text.matherr  0x000000000800f0e0        0x4 /usr/lib/gcc/arm-none-eabi/4.9.3/../../../arm-none-eabi/lib/armv7e-m/fpu/libm.a(lib_a-s_matherr.o)
                0x000000000800f0e0                matherr
 *fill*         0x000000000800f0e4        0xc 
 .text.nan      0x000000000800f0f0       0x10 /usr/lib/gcc/arm-none-eabi/4.9.3/../../../arm-none-eabi/lib/armv7e-m/fpu/libm.a(lib_a-s_nan.o)
                0x000000000800f0f0                nan
 .text.atanf    0x000000000800f100      0x1b8 /usr/lib/gcc/arm-none-eabi/4.9.3/../../../arm-none-eabi/lib/armv7e-m/fpu/libm.a(lib_a-sf_atan.o)
                0x000000000800f100                atanf
 *fill*         0x000000000800f2b8        0x8 
 .text.fabsf    0x000000000800f2c0       0x10 /usr/lib/gcc/arm-none-eabi/4.9.3/../../../arm-none-eabi/lib/armv7e-m/fpu/libm.a(lib_a-sf_fabs.o)
                0x000000000800f2c0                fabsf
 .text.floorf   0x000000000800f2d0       0x90 /usr/lib/gcc/arm-none-eabi/4.9.3/../../../arm-none-eabi/lib/armv7e-m/fpu/libm.a(lib_a-sf_floor.o)
                0x000000000800f2d0                floorf
 .text.scalbnf  0x000000000800f360       0xd0 /usr/lib/gcc/arm-none-eabi/4.9.3/../../../arm-none-eabi/lib/armv7e-m/fpu/libm.a(lib_a-sf_scalbn.o)
                0x000000000800f360                scalbnf
 .text.copysignf
                0x000000000800f430       0x18 /usr/lib/gcc/arm-none-eabi/4.9.3/../../../arm-none-eabi/lib/armv7e-m/fpu/libm.a(lib_a-sf_copysign.o)
                0x000000000800f430                copysignf
 *fill*         0x000000000800f448        0x8 
 .text.__errno  0x000000000800f450        0xc /usr/lib/gcc/arm-none-eabi/4.9.3/../../../arm-none-eabi/lib/armv7e-m/fpu/libg.a(lib_a-errno.o)
                0x000000000800f450                __errno
 *fill*         0x000000000800f45c        0x4 
 .text.memset   0x000000000800f460       0x9c /usr/lib/gcc/arm-none-eabi/4.9.3/../../../arm-none-eabi/lib/armv7e-m/fpu/libg.a(lib_a-memset.o)
                0x000000000800f460                memset
 *fill*         0x000000000800f4fc        0x4 
 .text.strlen   0x000000000800f500       0x5c /usr/lib/gcc/arm-none-eabi/4.9.3/../../../arm-none-eabi/lib/armv7e-m/fpu/libg.a(lib_a-strlen.o)
                0x000000000800f500                strlen
 *fill*         0x000000000800f55c        0x4 
 .text.strpbrk  0x000000000800f560       0x48 /usr/lib/gcc/arm-none-eabi/4.9.3/../../../arm-none-eabi/lib/armv7e-m/fpu/libg.a(lib_a-strpbrk.o)
                0x000000000800f560                strpbrk
 *fill*         0x000000000800f5a8        0x8 
 .text.strspn   0x000000000800f5b0       0x34 /usr/lib/gcc/arm-none-eabi/4.9.3/../../../arm-none-eabi/lib/armv7e-m/fpu/libg.a(lib_a-strspn.o)
                0x000000000800f5b0                strspn
 *(.rodata)
 *fill*         0x000000000800f5e4        0xc 
 .rodata        0x000000000800f5f0        0xc /tmp/cc5Oa950.ltrans0.ltrans.o
 *(.rodata.*)
 *fill*         0x000000000800f5fc        0x4 
 .rodata._pitch_atti_name
                0x000000000800f600       0x12 /tmp/cc5Oa950.ltrans0.ltrans.o
 *fill*         0x000000000800f612        0xe 
 .rodata.subname_accl
                0x000000000800f620       0x24 /tmp/cc5Oa950.ltrans0.ltrans.o
 *fill*         0x000000000800f644        0xc 
 .rodata.gyro_cal_name
                0x000000000800f650        0x9 /tmp/cc5Oa950.ltrans0.ltrans.o
 *fill*         0x000000000800f659        0x7 
 .rodata.subname_ff
                0x000000000800f660       0x2b /tmp/cc5Oa950.ltrans0.ltrans.o
 *fill*         0x000000000800f68b        0x5 
 .rodata.ch_debug
                0x000000000800f690       0x16 /tmp/cc5Oa950.ltrans0.ltrans.o
 *fill*         0x000000000800f6a6        0xa 
 .rodata.__func__.8806
                0x000000000800f6b0        0x9 /tmp/cc5Oa950.ltrans0.ltrans.o
 *fill*         0x000000000800f6b9        0x7 
 .rodata._pitch_vel_name
                0x000000000800f6c0       0x11 /tmp/cc5Oa950.ltrans0.ltrans.o
 *fill*         0x000000000800f6d1        0xf 
 .rodata.yaw_pos_name
                0x000000000800f6e0        0xf /tmp/cc5Oa950.ltrans0.ltrans.o
 *fill*         0x000000000800f6ef        0x1 
 .rodata.vmt    0x000000000800f6f0       0x20 /tmp/cc5Oa950.ltrans0.ltrans.o
 .rodata._yaw_atti_name
                0x000000000800f710       0x10 /tmp/cc5Oa950.ltrans0.ltrans.o
 .rodata.__func__.8426
                0x000000000800f720        0x9 /tmp/cc5Oa950.ltrans0.ltrans.o
 *fill*         0x000000000800f729        0x7 
 .rodata.__func__.6022
                0x000000000800f730        0xc /tmp/cc5Oa950.ltrans0.ltrans.o
 *fill*         0x000000000800f73c        0x4 
 .rodata.subname_gyro_cal
                0x000000000800f740        0xc /tmp/cc5Oa950.ltrans0.ltrans.o
 *fill*         0x000000000800f74c        0x4 
 .rodata.usbcfg
                0x000000000800f750       0x10 /tmp/cc5Oa950.ltrans0.ltrans.o
 .rodata._yaw_vel_name
                0x000000000800f760        0xf /tmp/cc5Oa950.ltrans0.ltrans.o
 *fill*         0x000000000800f76f        0x1 
 .rodata.sdc_vmt
                0x000000000800f770       0x20 /tmp/cc5Oa950.ltrans0.ltrans.o
 .rodata.sdccfg
                0x000000000800f790        0x8 /tmp/cc5Oa950.ltrans0.ltrans.o
 *fill*         0x000000000800f798        0x8 
 .rodata.pitch_pos_name
                0x000000000800f7a0       0x11 /tmp/cc5Oa950.ltrans0.ltrans.o
 *fill*         0x000000000800f7b1        0xf 
 .rodata.axis_ff_name
                0x000000000800f7c0        0xf /tmp/cc5Oa950.ltrans0.ltrans.o
 *fill*         0x000000000800f7cf        0x1 
 .rodata.accl_name
                0x000000000800f7d0        0xf /tmp/cc5Oa950.ltrans0.ltrans.o
 *fill*         0x000000000800f7df        0x1 
 .rodata.fsparams
                0x000000000800f7e0        0xc /tmp/cc5Oa950.ltrans0.ltrans.o
 *fill*         0x000000000800f7ec        0x4 
 .rodata.serusbcfg
                0x000000000800f7f0        0x8 /tmp/cc5Oa950.ltrans0.ltrans.o
 *fill*         0x000000000800f7f8        0x8 
 .rodata.subname_PID
                0x000000000800f800        0x9 /tmp/cc5Oa950.ltrans0.ltrans.o
 *fill*         0x000000000800f809        0x7 
 .rodata.subname_axis
                0x000000000800f810       0x11 /tmp/cc5Oa950.ltrans0.ltrans.o
 *fill*         0x000000000800f821        0xf 
 .rodata.shell_cfg1
                0x000000000800f830        0x8 /tmp/cc5Oa950.ltrans0.ltrans.o
 *fill*         0x000000000800f838        0x8 
 .rodata.__func__.8485
                0x000000000800f840       0x13 /tmp/cc5Oa950.ltrans0.ltrans.o
 *fill*         0x000000000800f853        0xd 
 .rodata.__func__.8730
                0x000000000800f860        0x9 /tmp/cc5Oa950.ltrans0.ltrans.o
 *fill*         0x000000000800f869        0x7 
 .rodata.__func__.8731
                0x000000000800f870        0xe /tmp/cc5Oa950.ltrans0.ltrans.o
 *fill*         0x000000000800f87e        0x2 
 .rodata._stm32_dma_streams
                0x000000000800f880       0xc0 /tmp/cc5Oa950.ltrans0.ltrans.o
 .rodata.init_pos_name
                0x000000000800f940       0x10 /tmp/cc5Oa950.ltrans0.ltrans.o
 .rodata.__func__.6336.lto_priv.135
                0x000000000800f950        0xc /tmp/cc5Oa950.ltrans0.ltrans.o
                0x000000000800f950                __func__.6336.lto_priv.135
 *fill*         0x000000000800f95c        0x4 
 .rodata.__func__.6336.lto_priv.136
                0x000000000800f960        0xc /tmp/cc5Oa950.ltrans0.ltrans.o
 *fill*         0x000000000800f96c        0x4 
 .rodata.cancfg
                0x000000000800f970        0x8 /tmp/cc5Oa950.ltrans0.ltrans.o
 *fill*         0x000000000800f978        0x8 
 .rodata.extcfg
                0x000000000800f980       0xb8 /tmp/cc5Oa950.ltrans0.ltrans.o
 *fill*         0x000000000800fa38        0x8 
 .rodata.commands
                0x000000000800fa40       0x28 /tmp/cc5Oa950.ltrans0.ltrans.o
 *fill*         0x000000000800fa68        0x8 
 .rodata.subname_PI
                0x000000000800fa70        0x6 /tmp/cc5Oa950.ltrans0.ltrans.o
 *fill*         0x000000000800fa76        0xa 
 .rodata.__func__.8371.lto_priv.141
                0x000000000800fa80        0x9 /tmp/cc5Oa950.ltrans0.ltrans.o
 *fill*         0x000000000800fa89        0x7 
 .rodata.__func__.8371.lto_priv.142
                0x000000000800fa90        0x9 /tmp/cc5Oa950.ltrans0.ltrans.o
 *fill*         0x000000000800fa99        0x7 
 .rodata.hsparams
                0x000000000800faa0        0xc /tmp/cc5Oa950.ltrans0.ltrans.o
 *fill*         0x000000000800faac        0x4 
 .rodata.__func__.8380
                0x000000000800fab0       0x11 /tmp/cc5Oa950.ltrans0.ltrans.o
 *fill*         0x000000000800fac1        0xf 
 .rodata.str1.4
                0x000000000800fad0       0x29 /tmp/cc5Oa950.ltrans0.ltrans.o
                                         0x2d (size before relaxing)
 *fill*         0x000000000800faf9        0x7 
 .rodata.__func__.6506
                0x000000000800fb00        0xc /tmp/cc5Oa950.ltrans0.ltrans.o
 *fill*         0x000000000800fb0c        0x4 
 .rodata.__func__.8374
                0x000000000800fb10        0xb /tmp/cc5Oa950.ltrans1.ltrans.o
 *fill*         0x000000000800fb1b        0x5 
 .rodata.__func__.6762
                0x000000000800fb20        0xd /tmp/cc5Oa950.ltrans1.ltrans.o
 *fill*         0x000000000800fb2d        0x3 
 .rodata.__func__.6196
                0x000000000800fb30        0xc /tmp/cc5Oa950.ltrans1.ltrans.o
 *fill*         0x000000000800fb3c        0x4 
 .rodata.__func__.8708
                0x000000000800fb40       0x19 /tmp/cc5Oa950.ltrans1.ltrans.o
 *fill*         0x000000000800fb59        0x7 
 .rodata.__func__.8715
                0x000000000800fb60       0x17 /tmp/cc5Oa950.ltrans1.ltrans.o
 *fill*         0x000000000800fb77        0x9 
 .rodata.__func__.6803
                0x000000000800fb80        0xd /tmp/cc5Oa950.ltrans1.ltrans.o
 *fill*         0x000000000800fb8d        0x3 
 .rodata.__func__.6791
                0x000000000800fb90        0xe /tmp/cc5Oa950.ltrans1.ltrans.o
 *fill*         0x000000000800fb9e        0x2 
 .rodata.__func__.6728
                0x000000000800fba0        0xb /tmp/cc5Oa950.ltrans1.ltrans.o
 *fill*         0x000000000800fbab        0x5 
 .rodata.str1.4
                0x000000000800fbb0       0x4d /tmp/cc5Oa950.ltrans1.ltrans.o
 *fill*         0x000000000800fbfd        0x3 
 .rodata.ram_areas
                0x000000000800fc00       0x80 /tmp/cc5Oa950.ltrans1.ltrans.o
 .rodata.__func__.6737
                0x000000000800fc80        0xd /tmp/cc5Oa950.ltrans1.ltrans.o
 *fill*         0x000000000800fc8d        0x3 
 .rodata.__func__.6022
                0x000000000800fc90        0xc /tmp/cc5Oa950.ltrans1.ltrans.o
 *fill*         0x000000000800fc9c        0x4 
 .rodata.__func__.6745
                0x000000000800fca0       0x15 /tmp/cc5Oa950.ltrans1.ltrans.o
 *fill*         0x000000000800fcb5        0xb 
 .rodata.__func__.6725
                0x000000000800fcc0        0xc /tmp/cc5Oa950.ltrans1.ltrans.o
 *fill*         0x000000000800fccc        0x4 
 .rodata.__func__.6781
                0x000000000800fcd0        0xb /tmp/cc5Oa950.ltrans1.ltrans.o
 *fill*         0x000000000800fcdb        0x5 
 .rodata.__func__.8367
                0x000000000800fce0        0xd /tmp/cc5Oa950.ltrans1.ltrans.o
 *fill*         0x000000000800fced        0x3 
 .rodata.str1.4
                0x000000000800fcf0      0x417 /tmp/cc5Oa950.ltrans2.ltrans.o
 *fill*         0x0000000008010107        0x9 
 .rodata.__func__.6022
                0x0000000008010110        0xc /tmp/cc5Oa950.ltrans2.ltrans.o
 *fill*         0x000000000801011c        0x4 
 .rodata.__func__.8395
                0x0000000008010120        0xe /tmp/cc5Oa950.ltrans3.ltrans.o
 *fill*         0x000000000801012e        0x2 
 .rodata.str1.4
                0x0000000008010130       0x10 /tmp/cc5Oa950.ltrans3.ltrans.o
 .rodata.__func__.8418
                0x0000000008010140        0xf /tmp/cc5Oa950.ltrans3.ltrans.o
 *fill*         0x000000000801014f        0x1 
 .rodata.__func__.6022.lto_priv.196
                0x0000000008010150        0xc /tmp/cc5Oa950.ltrans4.ltrans.o
 *fill*         0x000000000801015c        0x4 
 .rodata.__func__.8763
                0x0000000008010160       0x11 /tmp/cc5Oa950.ltrans4.ltrans.o
 *fill*         0x0000000008010171        0xf 
 .rodata.__func__.8431
                0x0000000008010180        0xb /tmp/cc5Oa950.ltrans4.ltrans.o
 *fill*         0x000000000801018b        0x5 
 .rodata.__func__.8771
                0x0000000008010190       0x12 /tmp/cc5Oa950.ltrans4.ltrans.o
 *fill*         0x00000000080101a2        0xe 
 .rodata.__func__.8379
                0x00000000080101b0        0xa /tmp/cc5Oa950.ltrans4.ltrans.o
 *fill*         0x00000000080101ba        0x6 
 .rodata.__func__.8435
                0x00000000080101c0        0xe /tmp/cc5Oa950.ltrans4.ltrans.o
 *fill*         0x00000000080101ce        0x2 
 .rodata.__func__.8747
                0x00000000080101d0       0x11 /tmp/cc5Oa950.ltrans4.ltrans.o
 *fill*         0x00000000080101e1        0xf 
 .rodata.__func__.8439
                0x00000000080101f0        0xe /tmp/cc5Oa950.ltrans4.ltrans.o
 *fill*         0x00000000080101fe        0x2 
 .rodata.__func__.8752
                0x0000000008010200       0x17 /tmp/cc5Oa950.ltrans4.ltrans.o
 *fill*         0x0000000008010217        0x9 
 .rodata.__func__.8383
                0x0000000008010220        0xc /tmp/cc5Oa950.ltrans4.ltrans.o
 *fill*         0x000000000801022c        0x4 
 .rodata.__func__.6728
                0x0000000008010230        0xb /tmp/cc5Oa950.ltrans4.ltrans.o
 *fill*         0x000000000801023b        0x5 
 .rodata.__func__.6208.lto_priv.211
                0x0000000008010240       0x14 /tmp/cc5Oa950.ltrans4.ltrans.o
                0x0000000008010240                __func__.6208.lto_priv.211
 *fill*         0x0000000008010254        0xc 
 .rodata.__func__.8386
                0x0000000008010260        0xe /tmp/cc5Oa950.ltrans4.ltrans.o
 *fill*         0x000000000801026e        0x2 
 .rodata.__func__.8425
                0x0000000008010270        0x8 /tmp/cc5Oa950.ltrans4.ltrans.o
 *fill*         0x0000000008010278        0x8 
 .rodata.__func__.8694
                0x0000000008010280       0x13 /tmp/cc5Oa950.ltrans4.ltrans.o
 *fill*         0x0000000008010293        0xd 
 .rodata.__func__.6022.lto_priv.197
                0x00000000080102a0        0xc /tmp/cc5Oa950.ltrans4.ltrans.o
 *fill*         0x00000000080102ac        0x4 
 .rodata.__func__.8371
                0x00000000080102b0        0x9 /tmp/cc5Oa950.ltrans4.ltrans.o
 *fill*         0x00000000080102b9        0x7 
 .rodata.__func__.6751
                0x00000000080102c0        0xc /tmp/cc5Oa950.ltrans4.ltrans.o
 *fill*         0x00000000080102cc        0x4 
 .rodata.__func__.6022.lto_priv.203
                0x00000000080102d0        0xc /tmp/cc5Oa950.ltrans5.ltrans.o
 *fill*         0x00000000080102dc        0x4 
 .rodata.__func__.6022.lto_priv.204
                0x00000000080102e0        0xc /tmp/cc5Oa950.ltrans5.ltrans.o
 *fill*         0x00000000080102ec        0x4 
 .rodata.__func__.8766
                0x00000000080102f0       0x1a /tmp/cc5Oa950.ltrans5.ltrans.o
 *fill*         0x000000000801030a        0x6 
 .rodata.__func__.8377
                0x0000000008010310       0x14 /tmp/cc5Oa950.ltrans5.ltrans.o
 *fill*         0x0000000008010324        0xc 
 .rodata.__func__.8816
                0x0000000008010330        0xb /tmp/cc5Oa950.ltrans5.ltrans.o
 *fill*         0x000000000801033b        0x5 
 .rodata.__func__.6336.lto_priv.208
                0x0000000008010340        0xc /tmp/cc5Oa950.ltrans5.ltrans.o
                0x0000000008010340                __func__.6336.lto_priv.208
 *fill*         0x000000000801034c        0x4 
 .rodata.__func__.8386
                0x0000000008010350       0x11 /tmp/cc5Oa950.ltrans5.ltrans.o
 *fill*         0x0000000008010361        0xf 
 .rodata.__func__.8775
                0x0000000008010370       0x13 /tmp/cc5Oa950.ltrans5.ltrans.o
 *fill*         0x0000000008010383        0xd 
 .rodata.__func__.8784
                0x0000000008010390       0x12 /tmp/cc5Oa950.ltrans5.ltrans.o
 *fill*         0x00000000080103a2        0xe 
 .rodata.__func__.8370
                0x00000000080103b0       0x11 /tmp/cc5Oa950.ltrans5.ltrans.o
 *fill*         0x00000000080103c1        0xf 
 .rodata.__func__.6111
                0x00000000080103d0        0xc /tmp/cc5Oa950.ltrans6.ltrans.o
 *fill*         0x00000000080103dc        0x4 
 .rodata.__func__.8445
                0x00000000080103e0       0x12 /tmp/cc5Oa950.ltrans6.ltrans.o
 *fill*         0x00000000080103f2        0xe 
 .rodata.zero_status
                0x0000000008010400        0x2 /tmp/cc5Oa950.ltrans6.ltrans.o
 *fill*         0x0000000008010402        0xe 
 .rodata.active_status
                0x0000000008010410        0x2 /tmp/cc5Oa950.ltrans6.ltrans.o
 *fill*         0x0000000008010412        0xe 
 .rodata.__func__.8825
                0x0000000008010420        0xc /tmp/cc5Oa950.ltrans6.ltrans.o
 *fill*         0x000000000801042c        0x4 
 .rodata.__func__.8752
                0x0000000008010430       0x15 /tmp/cc5Oa950.ltrans6.ltrans.o
 *fill*         0x0000000008010445        0xb 
 .rodata.halted_status
                0x0000000008010450        0x2 /tmp/cc5Oa950.ltrans6.ltrans.o
 *fill*         0x0000000008010452        0xe 
 .rodata.__func__.8811
                0x0000000008010460        0xb /tmp/cc5Oa950.ltrans6.ltrans.o
 *fill*         0x000000000801046b        0x5 
 .rodata.__func__.8425
                0x0000000008010470        0xe /tmp/cc5Oa950.ltrans7.ltrans.o
 *fill*         0x000000000801047e        0x2 
 .rodata.__func__.8726.lto_priv.193
                0x0000000008010480        0xe /tmp/cc5Oa950.ltrans7.ltrans.o
                0x0000000008010480                __func__.8726.lto_priv.193
 *fill*         0x000000000801048e        0x2 
 .rodata.ep0config
                0x0000000008010490       0x24 /tmp/cc5Oa950.ltrans7.ltrans.o
 *fill*         0x00000000080104b4        0xc 
 .rodata.__func__.8405
                0x00000000080104c0        0xb /tmp/cc5Oa950.ltrans8.ltrans.o
 *fill*         0x00000000080104cb        0x5 
 .rodata.__func__.6797
                0x00000000080104d0       0x15 /tmp/cc5Oa950.ltrans8.ltrans.o
 *fill*         0x00000000080104e5        0xb 
 .rodata.__func__.6723
                0x00000000080104f0       0x1b /tmp/cc5Oa950.ltrans8.ltrans.o
 *fill*         0x000000000801050b        0x5 
 .rodata.str1.4
                0x0000000008010510       0x21 /tmp/cc5Oa950.ltrans8.ltrans.o
 *fill*         0x0000000008010531        0xf 
 .rodata.__func__.8452
                0x0000000008010540       0x11 /tmp/cc5Oa950.ltrans8.ltrans.o
 *fill*         0x0000000008010551        0xf 
 .rodata.__func__.6022.lto_priv.125
                0x0000000008010560        0xc /tmp/cc5Oa950.ltrans8.ltrans.o
 *fill*         0x000000000801056c        0x4 
 .rodata.__func__.8371.lto_priv.143
                0x0000000008010570        0xa /tmp/cc5Oa950.ltrans8.ltrans.o
                0x0000000008010570                __func__.8371.lto_priv.143
 *fill*         0x000000000801057a        0x6 
 .rodata.__func__.6022.lto_priv.126
                0x0000000008010580        0xc /tmp/cc5Oa950.ltrans8.ltrans.o
 *fill*         0x000000000801058c        0x4 
 .rodata.__func__.8414
                0x0000000008010590       0x10 /tmp/cc5Oa950.ltrans8.ltrans.o
 .rodata.LfnOfs.lto_priv.183
                0x00000000080105a0        0xd /tmp/cc5Oa950.ltrans9.ltrans.o
                0x00000000080105a0                LfnOfs.lto_priv.183
 *fill*         0x00000000080105ad        0x3 
 .rodata.__func__.6022.lto_priv.93
                0x00000000080105b0        0xc /tmp/cc5Oa950.ltrans9.ltrans.o
                0x00000000080105b0                __func__.6022.lto_priv.93
 *fill*         0x00000000080105bc        0x4 
 .rodata.Tbl    0x00000000080105c0      0x100 /tmp/cc5Oa950.ltrans9.ltrans.o
 .rodata.__func__.8394
                0x00000000080106c0        0xc /tmp/cc5Oa950.ltrans9.ltrans.o
 *fill*         0x00000000080106cc        0x4 
 .rodata.__func__.6022.lto_priv.94
                0x00000000080106d0        0xc /tmp/cc5Oa950.ltrans9.ltrans.o
                0x00000000080106d0                __func__.6022.lto_priv.94
 *fill*         0x00000000080106dc        0x4 
 .rodata.ExCvt  0x00000000080106e0       0x80 /tmp/cc5Oa950.ltrans9.ltrans.o
 .rodata.str1.4
                0x0000000008010760       0x23 /tmp/cc5Oa950.ltrans9.ltrans.o
 *fill*         0x0000000008010783        0xd 
 .rodata.__func__.8371
                0x0000000008010790        0x9 /tmp/cc5Oa950.ltrans10.ltrans.o
 *fill*         0x0000000008010799        0x7 
 .rodata.__func__.8450
                0x00000000080107a0        0xc /tmp/cc5Oa950.ltrans10.ltrans.o
 *fill*         0x00000000080107ac        0x4 
 .rodata.vcom_string0
                0x00000000080107b0        0x4 /tmp/cc5Oa950.ltrans10.ltrans.o
 *fill*         0x00000000080107b4        0xc 
 .rodata.ep2config
                0x00000000080107c0       0x24 /tmp/cc5Oa950.ltrans10.ltrans.o
 *fill*         0x00000000080107e4        0xc 
 .rodata.vcom_string2
                0x00000000080107f0       0x38 /tmp/cc5Oa950.ltrans10.ltrans.o
 *fill*         0x0000000008010828        0x8 
 .rodata.vcom_string3
                0x0000000008010830        0x8 /tmp/cc5Oa950.ltrans10.ltrans.o
 *fill*         0x0000000008010838        0x8 
 .rodata.vcom_string1
                0x0000000008010840       0x26 /tmp/cc5Oa950.ltrans10.ltrans.o
 *fill*         0x0000000008010866        0xa 
 .rodata.vcom_strings
                0x0000000008010870       0x20 /tmp/cc5Oa950.ltrans10.ltrans.o
 .rodata.vcom_device_descriptor
                0x0000000008010890        0x8 /tmp/cc5Oa950.ltrans10.ltrans.o
 *fill*         0x0000000008010898        0x8 
 .rodata.vcom_device_descriptor_data
                0x00000000080108a0       0x12 /tmp/cc5Oa950.ltrans10.ltrans.o
 *fill*         0x00000000080108b2        0xe 
 .rodata.vcom_configuration_descriptor
                0x00000000080108c0        0x8 /tmp/cc5Oa950.ltrans10.ltrans.o
 *fill*         0x00000000080108c8        0x8 
 .rodata.str1.4
                0x00000000080108d0      0x104 /tmp/cc5Oa950.ltrans10.ltrans.o
                                        0x10c (size before relaxing)
 *fill*         0x00000000080109d4        0xc 
 .rodata.vcom_configuration_descriptor_data
                0x00000000080109e0       0x43 /tmp/cc5Oa950.ltrans10.ltrans.o
 *fill*         0x0000000008010a23        0xd 
 .rodata.__func__.6022
                0x0000000008010a30        0xc /tmp/cc5Oa950.ltrans10.ltrans.o
 *fill*         0x0000000008010a3c        0x4 
 .rodata.ep1config
                0x0000000008010a40       0x24 /tmp/cc5Oa950.ltrans10.ltrans.o
 *fill*         0x0000000008010a64        0xc 
 .rodata.MPU6500_SPI_cfg
                0x0000000008010a70        0xc /tmp/cc5Oa950.ltrans11.ltrans.o
 *fill*         0x0000000008010a7c        0x4 
 .rodata.axisName
                0x0000000008010a80        0x6 /tmp/cc5Oa950.ltrans11.ltrans.o
 *fill*         0x0000000008010a86        0xa 
 .rodata.accelBiasName
                0x0000000008010a90        0xa /tmp/cc5Oa950.ltrans11.ltrans.o
 *fill*         0x0000000008010a9a        0x6 
 .rodata.accelTNameSub1
                0x0000000008010aa0        0xc /tmp/cc5Oa950.ltrans11.ltrans.o
 *fill*         0x0000000008010aac        0x4 
 .rodata.accelTNameSub2
                0x0000000008010ab0        0x6 /tmp/cc5Oa950.ltrans11.ltrans.o
 *fill*         0x0000000008010ab6        0xa 
 .rodata.str1.4
                0x0000000008010ac0       0x1f /tmp/cc5Oa950.ltrans11.ltrans.o
 *fill*         0x0000000008010adf        0x1 
 .rodata.accelTName1
                0x0000000008010ae0        0x8 /tmp/cc5Oa950.ltrans11.ltrans.o
 *fill*         0x0000000008010ae8        0x8 
 .rodata.accelTName2
                0x0000000008010af0        0x8 /tmp/cc5Oa950.ltrans11.ltrans.o
 *fill*         0x0000000008010af8        0x8 
 .rodata.__func__.6022
                0x0000000008010b00        0xc /tmp/cc5Oa950.ltrans11.ltrans.o
 *fill*         0x0000000008010b0c        0x4 
 .rodata.pow10  0x0000000008010b10       0x24 /tmp/cc5Oa950.ltrans11.ltrans.o
 *fill*         0x0000000008010b34        0xc 
 .rodata.gyroBiasName
                0x0000000008010b40        0x9 /tmp/cc5Oa950.ltrans11.ltrans.o
 *fill*         0x0000000008010b49        0x7 
 .rodata.tbl_upper.6920
                0x0000000008010b50      0x1e0 /tmp/cc5Oa950.ltrans12.ltrans.o
 .rodata.tbl_lower.6919
                0x0000000008010d30      0x1e0 /tmp/cc5Oa950.ltrans12.ltrans.o
 .rodata.__func__.6336
                0x0000000008010f10        0xc /tmp/cc5Oa950.ltrans12.ltrans.o
 *fill*         0x0000000008010f1c        0x4 
 .rodata.str1.4
                0x0000000008010f20      0x1fa /tmp/cc5Oa950.ltrans12.ltrans.o
                                        0x1fe (size before relaxing)
 *fill*         0x000000000801111a        0x6 
 .rodata.local_commands
                0x0000000008011120       0x18 /tmp/cc5Oa950.ltrans12.ltrans.o
 *fill*         0x0000000008011138        0x8 
 .rodata.__func__.6022.lto_priv.109
                0x0000000008011140        0xc /tmp/cc5Oa950.ltrans13.ltrans.o
 *fill*         0x000000000801114c        0x4 
 .rodata.str1.4
                0x0000000008011150       0x4b /tmp/cc5Oa950.ltrans13.ltrans.o
 *fill*         0x000000000801119b        0x5 
 .rodata.__func__.6192
                0x00000000080111a0        0xc /tmp/cc5Oa950.ltrans13.ltrans.o
 *fill*         0x00000000080111ac        0x4 
 .rodata.__func__.8403.lto_priv.127
                0x00000000080111b0       0x11 /tmp/cc5Oa950.ltrans13.ltrans.o
                0x00000000080111b0                __func__.8403.lto_priv.127
 *fill*         0x00000000080111c1        0xf 
 .rodata.__func__.6022.lto_priv.110
                0x00000000080111d0        0xc /tmp/cc5Oa950.ltrans13.ltrans.o
 *fill*         0x00000000080111dc        0x4 
 .rodata.__func__.8686
                0x00000000080111e0       0x1b /tmp/cc5Oa950.ltrans14.ltrans.o
 *fill*         0x00000000080111fb        0x5 
 .rodata.__func__.8732
                0x0000000008011200       0x1b /tmp/cc5Oa950.ltrans14.ltrans.o
 *fill*         0x000000000801121b        0x5 
 .rodata.str1.4
                0x0000000008011220        0xd /tmp/cc5Oa950.ltrans14.ltrans.o
                                         0x19 (size before relaxing)
 *fill*         0x000000000801122d        0x3 
 .rodata.__func__.6336.lto_priv.187
                0x0000000008011230        0xc /tmp/cc5Oa950.ltrans14.ltrans.o
 *fill*         0x000000000801123c        0x4 
 .rodata.__func__.6336.lto_priv.188
                0x0000000008011240        0xc /tmp/cc5Oa950.ltrans14.ltrans.o
 *fill*         0x000000000801124c        0x4 
 .rodata.__func__.6809
                0x0000000008011250        0xd /tmp/cc5Oa950.ltrans15.ltrans.o
 *fill*         0x000000000801125d        0x3 
 .rodata.__func__.8381
                0x0000000008011260        0xe /tmp/cc5Oa950.ltrans15.ltrans.o
 *fill*         0x000000000801126e        0x2 
 .rodata.__func__.6022.lto_priv.86
                0x0000000008011270        0xc /tmp/cc5Oa950.ltrans15.ltrans.o
                0x0000000008011270                __func__.6022.lto_priv.86
 *fill*         0x000000000801127c        0x4 
 .rodata.__func__.6022.lto_priv.87
                0x0000000008011280        0xc /tmp/cc5Oa950.ltrans15.ltrans.o
                0x0000000008011280                __func__.6022.lto_priv.87
 .rodata.str1.4
                0x000000000801128c        0xf /tmp/cc5Oa950.ltrans15.ltrans.o
 *fill*         0x000000000801128c        0x4 
 .rodata.__func__.6753
                0x0000000008011290        0xd /tmp/cc5Oa950.ltrans15.ltrans.o
 *fill*         0x000000000801129d        0x3 
 .rodata.__func__.8392
                0x00000000080112a0        0xd /tmp/cc5Oa950.ltrans15.ltrans.o
 *fill*         0x00000000080112ad        0x3 
 .rodata.__func__.8808
                0x00000000080112b0       0x15 /tmp/cc5Oa950.ltrans16.ltrans.o
 *fill*         0x00000000080112c5        0xb 
 .rodata.__func__.8817
                0x00000000080112d0       0x16 /tmp/cc5Oa950.ltrans16.ltrans.o
 *fill*         0x00000000080112e6        0xa 
 .rodata.__func__.8827
                0x00000000080112f0        0xe /tmp/cc5Oa950.ltrans16.ltrans.o
 *fill*         0x00000000080112fe        0x2 
 .rodata.__func__.8835
                0x0000000008011300        0x8 /tmp/cc5Oa950.ltrans16.ltrans.o
 *fill*         0x0000000008011308        0x8 
 .rodata.__func__.8843
                0x0000000008011310        0x9 /tmp/cc5Oa950.ltrans16.ltrans.o